Component: ARM Compiler 5.06 update 6 (build 750) Tool: armlink [4d35ed]

==============================================================================

Section Cross References

    startup_stm32f767xx.o(RESET) refers to startup_stm32f767xx.o(STACK) for __initial_sp
    startup_stm32f767xx.o(RESET) refers to startup_stm32f767xx.o(.text) for Reset_Handler
    startup_stm32f767xx.o(RESET) refers to stm32f7xx_it.o(i.NMI_Handler) for NMI_Handler
    startup_stm32f767xx.o(RESET) refers to stm32f7xx_it.o(i.HardFault_Handler) for HardFault_Handler
    startup_stm32f767xx.o(RESET) refers to stm32f7xx_it.o(i.MemManage_Handler) for MemManage_Handler
    startup_stm32f767xx.o(RESET) refers to stm32f7xx_it.o(i.BusFault_Handler) for BusFault_Handler
    startup_stm32f767xx.o(RESET) refers to stm32f7xx_it.o(i.UsageFault_Handler) for UsageFault_Handler
    startup_stm32f767xx.o(RESET) refers to stm32f7xx_it.o(i.SVC_Handler) for SVC_Handler
    startup_stm32f767xx.o(RESET) refers to stm32f7xx_it.o(i.DebugMon_Handler) for DebugMon_Handler
    startup_stm32f767xx.o(RESET) refers to stm32f7xx_it.o(i.PendSV_Handler) for PendSV_Handler
    startup_stm32f767xx.o(RESET) refers to stm32f7xx_it.o(i.SysTick_Handler) for SysTick_Handler
    startup_stm32f767xx.o(.text) refers to system_stm32f7xx.o(i.SystemInit) for SystemInit
    startup_stm32f767xx.o(.text) refers to entry.o(.ARM.Collect$$$$00000000) for __main
    nrf24.o(i.nRF24_Check) refers to nrf24.o(i.nRF24_WriteMBReg) for nRF24_WriteMBReg
    nrf24.o(i.nRF24_Check) refers to nrf24.o(i.nRF24_ReadMBReg) for nRF24_ReadMBReg
    nrf24.o(i.nRF24_ClearIRQFlags) refers to nrf24.o(i.nRF24_ReadReg) for nRF24_ReadReg
    nrf24.o(i.nRF24_ClearIRQFlags) refers to nrf24.o(i.nRF24_WriteReg) for nRF24_WriteReg
    nrf24.o(i.nRF24_ClosePipe) refers to nrf24.o(i.nRF24_ReadReg) for nRF24_ReadReg
    nrf24.o(i.nRF24_ClosePipe) refers to nrf24.o(i.nRF24_WriteReg) for nRF24_WriteReg
    nrf24.o(i.nRF24_DisableAA) refers to nrf24.o(i.nRF24_ReadReg) for nRF24_ReadReg
    nrf24.o(i.nRF24_DisableAA) refers to nrf24.o(i.nRF24_WriteReg) for nRF24_WriteReg
    nrf24.o(i.nRF24_EnableAA) refers to nrf24.o(i.nRF24_ReadReg) for nRF24_ReadReg
    nrf24.o(i.nRF24_EnableAA) refers to nrf24.o(i.nRF24_WriteReg) for nRF24_WriteReg
    nrf24.o(i.nRF24_FlushRX) refers to nrf24.o(i.nRF24_WriteReg) for nRF24_WriteReg
    nrf24.o(i.nRF24_FlushTX) refers to nrf24.o(i.nRF24_WriteReg) for nRF24_WriteReg
    nrf24.o(i.nRF24_GetIRQFlags) refers to nrf24.o(i.nRF24_ReadReg) for nRF24_ReadReg
    nrf24.o(i.nRF24_GetRXSource) refers to nrf24.o(i.nRF24_ReadReg) for nRF24_ReadReg
    nrf24.o(i.nRF24_GetRetransmitCounters) refers to nrf24.o(i.nRF24_ReadReg) for nRF24_ReadReg
    nrf24.o(i.nRF24_GetStatus) refers to nrf24.o(i.nRF24_ReadReg) for nRF24_ReadReg
    nrf24.o(i.nRF24_GetStatus_RXFIFO) refers to nrf24.o(i.nRF24_ReadReg) for nRF24_ReadReg
    nrf24.o(i.nRF24_GetStatus_TXFIFO) refers to nrf24.o(i.nRF24_ReadReg) for nRF24_ReadReg
    nrf24.o(i.nRF24_Init) refers to nrf24.o(i.nRF24_WriteReg) for nRF24_WriteReg
    nrf24.o(i.nRF24_Init) refers to nrf24.o(i.nRF24_FlushRX) for nRF24_FlushRX
    nrf24.o(i.nRF24_Init) refers to nrf24.o(i.nRF24_FlushTX) for nRF24_FlushTX
    nrf24.o(i.nRF24_Init) refers to nrf24.o(i.nRF24_ClearIRQFlags) for nRF24_ClearIRQFlags
    nrf24.o(i.nRF24_RX_ON) refers to nrf24.o(i.nRF24_SetRXPipe) for nRF24_SetRXPipe
    nrf24.o(i.nRF24_RX_ON) refers to nrf24.o(i.nRF24_SetOperationalMode) for nRF24_SetOperationalMode
    nrf24.o(i.nRF24_ReadMBReg) refers to nrf24_hal.o(i.nRF24_LL_RW) for nRF24_LL_RW
    nrf24.o(i.nRF24_ReadPayload) refers to nrf24.o(i.nRF24_ReadReg) for nRF24_ReadReg
    nrf24.o(i.nRF24_ReadPayload) refers to nrf24.o(i.nRF24_ReadMBReg) for nRF24_ReadMBReg
    nrf24.o(i.nRF24_ReadPayload) refers to nrf24.o(.constdata) for .constdata
    nrf24.o(i.nRF24_ReadReg) refers to nrf24_hal.o(i.nRF24_LL_RW) for nRF24_LL_RW
    nrf24.o(i.nRF24_ResetPLOS) refers to nrf24.o(i.nRF24_ReadReg) for nRF24_ReadReg
    nrf24.o(i.nRF24_ResetPLOS) refers to nrf24.o(i.nRF24_WriteReg) for nRF24_WriteReg
    nrf24.o(i.nRF24_SendPackage) refers to nrf24.o(i.nRF24_WritePayload) for nRF24_WritePayload
    nrf24.o(i.nRF24_SendPackage) refers to nrf24.o(i.nRF24_GetStatus) for nRF24_GetStatus
    nrf24.o(i.nRF24_SendPackage) refers to nrf24.o(i.nRF24_FlushTX) for nRF24_FlushTX
    nrf24.o(i.nRF24_SetAddr) refers to nrf24.o(i.nRF24_ReadReg) for nRF24_ReadReg
    nrf24.o(i.nRF24_SetAddr) refers to nrf24_hal.o(i.nRF24_LL_RW) for nRF24_LL_RW
    nrf24.o(i.nRF24_SetAddr) refers to nrf24.o(i.nRF24_WriteReg) for nRF24_WriteReg
    nrf24.o(i.nRF24_SetAddr) refers to nrf24.o(.constdata) for .constdata
    nrf24.o(i.nRF24_SetAddrWidth) refers to nrf24.o(i.nRF24_WriteReg) for nRF24_WriteReg
    nrf24.o(i.nRF24_SetAutoRetr) refers to nrf24.o(i.nRF24_WriteReg) for nRF24_WriteReg
    nrf24.o(i.nRF24_SetCRCScheme) refers to nrf24.o(i.nRF24_ReadReg) for nRF24_ReadReg
[...]
    stm32f7xx_hal_i2c.o(i.I2C_Slave_ISR_IT) refers to stm32f7xx_hal_i2c.o(i.I2C_ITAddrCplt) for I2C_ITAddrCplt
    stm32f7xx_hal_i2c.o(i.I2C_Slave_ISR_IT) refers to stm32f7xx_hal_i2c.o(i.I2C_ITSlaveSequentialCplt) for I2C_ITSlaveSequentialCplt
    stm32f7xx_hal_i2c.o(i.I2C_Slave_ISR_IT) refers to stm32f7xx_hal_i2c.o(i.I2C_ITSlaveCplt) for I2C_ITSlaveCplt
    stm32f7xx_hal_i2c.o(i.I2C_WaitOnFlagUntilTimeout) refers to stm32f7xx_hal.o(i.HAL_GetTick) for HAL_GetTick
    stm32f7xx_hal_i2c.o(i.I2C_WaitOnRXNEFlagUntilTimeout) refers to stm32f7xx_hal_i2c.o(i.I2C_IsAcknowledgeFailed) for I2C_IsAcknowledgeFailed
    stm32f7xx_hal_i2c.o(i.I2C_WaitOnRXNEFlagUntilTimeout) refers to stm32f7xx_hal.o(i.HAL_GetTick) for HAL_GetTick
    stm32f7xx_hal_i2c.o(i.I2C_WaitOnSTOPFlagUntilTimeout) refers to stm32f7xx_hal_i2c.o(i.I2C_IsAcknowledgeFailed) for I2C_IsAcknowledgeFailed
    stm32f7xx_hal_i2c.o(i.I2C_WaitOnSTOPFlagUntilTimeout) refers to stm32f7xx_hal.o(i.HAL_GetTick) for HAL_GetTick
    stm32f7xx_hal_i2c.o(i.I2C_WaitOnTXISFlagUntilTimeout) refers to stm32f7xx_hal_i2c.o(i.I2C_IsAcknowledgeFailed) for I2C_IsAcknowledgeFailed
    stm32f7xx_hal_i2c.o(i.I2C_WaitOnTXISFlagUntilTimeout) refers to stm32f7xx_hal.o(i.HAL_GetTick) for HAL_GetTick
    stm32f7xx_ll_rcc.o(i.LL_RCC_DeInit) refers to stm32f7xx_ll_rcc.o(i.LL_RCC_HSI_IsReady) for LL_RCC_HSI_IsReady
    stm32f7xx_ll_rcc.o(i.LL_RCC_DeInit) refers to stm32f7xx_ll_rcc.o(i.LL_RCC_PLL_IsReady) for LL_RCC_PLL_IsReady
    stm32f7xx_ll_rcc.o(i.LL_RCC_DeInit) refers to stm32f7xx_ll_rcc.o(i.LL_RCC_PLLI2S_IsReady) for LL_RCC_PLLI2S_IsReady
    stm32f7xx_ll_rcc.o(i.LL_RCC_DeInit) refers to stm32f7xx_ll_rcc.o(i.LL_RCC_PLLSAI_IsReady) for LL_RCC_PLLSAI_IsReady
    stm32f7xx_ll_rcc.o(i.LL_RCC_GetCECClockFreq) refers to stm32f7xx_ll_rcc.o(i.LL_RCC_LSE_IsReady) for LL_RCC_LSE_IsReady
    stm32f7xx_ll_rcc.o(i.LL_RCC_GetCECClockFreq) refers to stm32f7xx_ll_rcc.o(i.LL_RCC_HSI_IsReady) for LL_RCC_HSI_IsReady
    stm32f7xx_ll_rcc.o(i.LL_RCC_GetDFSDMAudioClockFreq) refers to stm32f7xx_ll_rcc.o(i.LL_RCC_GetSAIClockFreq) for LL_RCC_GetSAIClockFreq
    stm32f7xx_ll_rcc.o(i.LL_RCC_GetDFSDMClockFreq) refers to stm32f7xx_ll_rcc.o(i.RCC_GetSystemClockFreq) for RCC_GetSystemClockFreq
    stm32f7xx_ll_rcc.o(i.LL_RCC_GetDFSDMClockFreq) refers to stm32f7xx_ll_rcc.o(i.RCC_GetHCLKClockFreq) for RCC_GetHCLKClockFreq
    stm32f7xx_ll_rcc.o(i.LL_RCC_GetDFSDMClockFreq) refers to stm32f7xx_ll_rcc.o(i.RCC_GetPCLK2ClockFreq) for RCC_GetPCLK2ClockFreq
    stm32f7xx_ll_rcc.o(i.LL_RCC_GetI2CClockFreq) refers to stm32f7xx_ll_rcc.o(i.LL_RCC_GetI2CClockSource) for LL_RCC_GetI2CClockSource
    stm32f7xx_ll_rcc.o(i.LL_RCC_GetI2CClockFreq) refers to stm32f7xx_ll_rcc.o(i.RCC_GetSystemClockFreq) for RCC_GetSystemClockFreq
    stm32f7xx_ll_rcc.o(i.LL_RCC_GetI2CClockFreq) refers to stm32f7xx_ll_rcc.o(i.RCC_GetHCLKClockFreq) for RCC_GetHCLKClockFreq
    stm32f7xx_ll_rcc.o(i.LL_RCC_GetI2CClockFreq) refers to stm32f7xx_ll_rcc.o(i.RCC_GetPCLK1ClockFreq) for RCC_GetPCLK1ClockFreq
    stm32f7xx_ll_rcc.o(i.LL_RCC_GetI2CClockFreq) refers to stm32f7xx_ll_rcc.o(i.LL_RCC_HSI_IsReady) for LL_RCC_HSI_IsReady
    stm32f7xx_ll_rcc.o(i.LL_RCC_GetI2SClockFreq) refers to stm32f7xx_ll_rcc.o(i.LL_RCC_PLLI2S_IsReady) for LL_RCC_PLLI2S_IsReady
    stm32f7xx_ll_rcc.o(i.LL_RCC_GetI2SClockFreq) refers to stm32f7xx_ll_rcc.o(i.RCC_PLLI2S_GetFreqDomain_I2S) for RCC_PLLI2S_GetFreqDomain_I2S
    stm32f7xx_ll_rcc.o(i.LL_RCC_GetLPTIMClockFreq) refers to stm32f7xx_ll_rcc.o(i.LL_RCC_LSE_IsReady) for LL_RCC_LSE_IsReady
    stm32f7xx_ll_rcc.o(i.LL_RCC_GetLPTIMClockFreq) refers to stm32f7xx_ll_rcc.o(i.LL_RCC_HSI_IsReady) for LL_RCC_HSI_IsReady
    stm32f7xx_ll_rcc.o(i.LL_RCC_GetLPTIMClockFreq) refers to stm32f7xx_ll_rcc.o(i.RCC_GetSystemClockFreq) for RCC_GetSystemClockFreq
    stm32f7xx_ll_rcc.o(i.LL_RCC_GetLPTIMClockFreq) refers to stm32f7xx_ll_rcc.o(i.RCC_GetHCLKClockFreq) for RCC_GetHCLKClockFreq
    stm32f7xx_ll_rcc.o(i.LL_RCC_GetLPTIMClockFreq) refers to stm32f7xx_ll_rcc.o(i.RCC_GetPCLK1ClockFreq) for RCC_GetPCLK1ClockFreq
    stm32f7xx_ll_rcc.o(i.LL_RCC_GetLTDCClockFreq) refers to stm32f7xx_ll_rcc.o(i.LL_RCC_PLLSAI_IsReady) for LL_RCC_PLLSAI_IsReady
    stm32f7xx_ll_rcc.o(i.LL_RCC_GetLTDCClockFreq) refers to stm32f7xx_ll_rcc.o(i.RCC_PLLSAI_GetFreqDomain_LTDC) for RCC_PLLSAI_GetFreqDomain_LTDC
    stm32f7xx_ll_rcc.o(i.LL_RCC_GetRNGClockFreq) refers to stm32f7xx_ll_rcc.o(i.LL_RCC_PLL_IsReady) for LL_RCC_PLL_IsReady
    stm32f7xx_ll_rcc.o(i.LL_RCC_GetRNGClockFreq) refers to stm32f7xx_ll_rcc.o(i.RCC_PLL_GetFreqDomain_48M) for RCC_PLL_GetFreqDomain_48M
    stm32f7xx_ll_rcc.o(i.LL_RCC_GetRNGClockFreq) refers to stm32f7xx_ll_rcc.o(i.LL_RCC_PLLSAI_IsReady) for LL_RCC_PLLSAI_IsReady
    stm32f7xx_ll_rcc.o(i.LL_RCC_GetRNGClockFreq) refers to stm32f7xx_ll_rcc.o(i.RCC_PLLSAI_GetFreqDomain_48M) for RCC_PLLSAI_GetFreqDomain_48M
    stm32f7xx_ll_rcc.o(i.LL_RCC_GetSAIClockFreq) refers to stm32f7xx_ll_rcc.o(i.RCC_PLLSAI_GetFreqDomain_SAI) for RCC_PLLSAI_GetFreqDomain_SAI
    stm32f7xx_ll_rcc.o(i.LL_RCC_GetSAIClockFreq) refers to stm32f7xx_ll_rcc.o(i.RCC_PLLI2S_GetFreqDomain_SAI) for RCC_PLLI2S_GetFreqDomain_SAI
    stm32f7xx_ll_rcc.o(i.LL_RCC_GetSAIClockFreq) refers to stm32f7xx_ll_rcc.o(i.LL_RCC_PLL_GetMainSource) for LL_RCC_PLL_GetMainSource
    stm32f7xx_ll_rcc.o(i.LL_RCC_GetSAIClockFreq) refers to stm32f7xx_ll_rcc.o(i.LL_RCC_PLLSAI_IsReady) for LL_RCC_PLLSAI_IsReady
    stm32f7xx_ll_rcc.o(i.LL_RCC_GetSAIClockFreq) refers to stm32f7xx_ll_rcc.o(i.LL_RCC_PLLI2S_IsReady) for LL_RCC_PLLI2S_IsReady
    stm32f7xx_ll_rcc.o(i.LL_RCC_GetSAIClockFreq) refers to stm32f7xx_ll_rcc.o(i.LL_RCC_HSI_IsReady) for LL_RCC_HSI_IsReady
    stm32f7xx_ll_rcc.o(i.LL_RCC_GetSDMMCClockFreq) refers to stm32f7xx_ll_rcc.o(i.LL_RCC_PLLSAI_IsReady) for LL_RCC_PLLSAI_IsReady
    stm32f7xx_ll_rcc.o(i.LL_RCC_GetSDMMCClockFreq) refers to stm32f7xx_ll_rcc.o(i.RCC_PLLSAI_GetFreqDomain_48M) for RCC_PLLSAI_GetFreqDomain_48M
    stm32f7xx_ll_rcc.o(i.LL_RCC_GetSDMMCClockFreq) refers to stm32f7xx_ll_rcc.o(i.RCC_PLL_GetFreqDomain_48M) for RCC_PLL_GetFreqDomain_48M
    stm32f7xx_ll_rcc.o(i.LL_RCC_GetSDMMCClockFreq) refers to stm32f7xx_ll_rcc.o(i.RCC_GetSystemClockFreq) for RCC_GetSystemClockFreq
    stm32f7xx_ll_rcc.o(i.LL_RCC_GetSDMMCClockFreq) refers to stm32f7xx_ll_rcc.o(i.LL_RCC_PLL_IsReady) for LL_RCC_PLL_IsReady
    stm32f7xx_ll_rcc.o(i.LL_RCC_GetSPDIFRXClockFreq) refers to stm32f7xx_ll_rcc.o(i.LL_RCC_PLLI2S_IsReady) for LL_RCC_PLLI2S_IsReady
    stm32f7xx_ll_rcc.o(i.LL_RCC_GetSPDIFRXClockFreq) refers to stm32f7xx_ll_rcc.o(i.RCC_PLLI2S_GetFreqDomain_SPDIFRX) for RCC_PLLI2S_GetFreqDomain_SPDIFRX
    stm32f7xx_ll_rcc.o(i.LL_RCC_GetSystemClocksFreq) refers to stm32f7xx_ll_rcc.o(i.RCC_GetSystemClockFreq) for RCC_GetSystemClockFreq
    stm32f7xx_ll_rcc.o(i.LL_RCC_GetSystemClocksFreq) refers to stm32f7xx_ll_rcc.o(i.RCC_GetHCLKClockFreq) for RCC_GetHCLKClockFreq
    stm32f7xx_ll_rcc.o(i.LL_RCC_GetSystemClocksFreq) refers to stm32f7xx_ll_rcc.o(i.RCC_GetPCLK1ClockFreq) for RCC_GetPCLK1ClockFreq
    stm32f7xx_ll_rcc.o(i.LL_RCC_GetSystemClocksFreq) refers to stm32f7xx_ll_rcc.o(i.RCC_GetPCLK2ClockFreq) for RCC_GetPCLK2ClockFreq
    stm32f7xx_ll_rcc.o(i.LL_RCC_GetUARTClockFreq) refers to stm32f7xx_ll_rcc.o(i.LL_RCC_GetUARTClockSource) for LL_RCC_GetUARTClockSource
    stm32f7xx_ll_rcc.o(i.LL_RCC_GetUARTClockFreq) refers to stm32f7xx_ll_rcc.o(i.RCC_GetSystemClockFreq) for RCC_GetSystemClockFreq
    stm32f7xx_ll_rcc.o(i.LL_RCC_GetUARTClockFreq) refers to stm32f7xx_ll_rcc.o(i.RCC_GetHCLKClockFreq) for RCC_GetHCLKClockFreq
    stm32f7xx_ll_rcc.o(i.LL_RCC_GetUARTClockFreq) refers to stm32f7xx_ll_rcc.o(i.RCC_GetPCLK1ClockFreq) for RCC_GetPCLK1ClockFreq
    stm32f7xx_ll_rcc.o(i.LL_RCC_GetUARTClockFreq) refers to stm32f7xx_ll_rcc.o(i.LL_RCC_LSE_IsReady) for LL_RCC_LSE_IsReady
    stm32f7xx_ll_rcc.o(i.LL_RCC_GetUARTClockFreq) refers to stm32f7xx_ll_rcc.o(i.LL_RCC_HSI_IsReady) for LL_RCC_HSI_IsReady
    stm32f7xx_ll_rcc.o(i.LL_RCC_GetUSARTClockFreq) refers to stm32f7xx_ll_rcc.o(i.LL_RCC_GetUSARTClockSource) for LL_RCC_GetUSARTClockSource
    stm32f7xx_ll_rcc.o(i.LL_RCC_GetUSARTClockFreq) refers to stm32f7xx_ll_rcc.o(i.RCC_GetSystemClockFreq) for RCC_GetSystemClockFreq
    stm32f7xx_ll_rcc.o(i.LL_RCC_GetUSARTClockFreq) refers to stm32f7xx_ll_rcc.o(i.RCC_GetHCLKClockFreq) for RCC_GetHCLKClockFreq
    stm32f7xx_ll_rcc.o(i.LL_RCC_GetUSARTClockFreq) refers to stm32f7xx_ll_rcc.o(i.RCC_GetPCLK2ClockFreq) for RCC_GetPCLK2ClockFreq
    stm32f7xx_ll_rcc.o(i.LL_RCC_GetUSARTClockFreq) refers to stm32f7xx_ll_rcc.o(i.RCC_GetPCLK1ClockFreq) for RCC_GetPCLK1ClockFreq
    stm32f7xx_ll_rcc.o(i.LL_RCC_GetUSARTClockFreq) refers to stm32f7xx_ll_rcc.o(i.LL_RCC_LSE_IsReady) for LL_RCC_LSE_IsReady
    stm32f7xx_ll_rcc.o(i.LL_RCC_GetUSARTClockFreq) refers to stm32f7xx_ll_rcc.o(i.LL_RCC_HSI_IsReady) for LL_RCC_HSI_IsReady
    stm32f7xx_ll_rcc.o(i.LL_RCC_GetUSBClockFreq) refers to stm32f7xx_ll_rcc.o(i.LL_RCC_PLL_IsReady) for LL_RCC_PLL_IsReady
    stm32f7xx_ll_rcc.o(i.LL_RCC_GetUSBClockFreq) refers to stm32f7xx_ll_rcc.o(i.RCC_PLL_GetFreqDomain_48M) for RCC_PLL_GetFreqDomain_48M
    stm32f7xx_ll_rcc.o(i.LL_RCC_GetUSBClockFreq) refers to stm32f7xx_ll_rcc.o(i.LL_RCC_PLLSAI_IsReady) for LL_RCC_PLLSAI_IsReady
    stm32f7xx_ll_rcc.o(i.LL_RCC_GetUSBClockFreq) refers to stm32f7xx_ll_rcc.o(i.RCC_PLLSAI_GetFreqDomain_48M) for RCC_PLLSAI_GetFreqDomain_48M
    stm32f7xx_ll_rcc.o(i.RCC_GetHCLKClockFreq) refers to system_stm32f7xx.o(.constdata) for AHBPrescTable
    stm32f7xx_ll_rcc.o(i.RCC_GetPCLK1ClockFreq) refers to system_stm32f7xx.o(.constdata) for APBPrescTable
    stm32f7xx_ll_rcc.o(i.RCC_GetPCLK2ClockFreq) refers to system_stm32f7xx.o(.constdata) for APBPrescTable
    stm32f7xx_ll_rcc.o(i.RCC_GetSystemClockFreq) refers to stm32f7xx_ll_rcc.o(i.RCC_PLL_GetFreqDomain_SYS) for RCC_PLL_GetFreqDomain_SYS
    stm32f7xx_ll_rcc.o(i.RCC_PLLI2S_GetFreqDomain_I2S) refers to stm32f7xx_ll_rcc.o(i.LL_RCC_PLL_GetMainSource) for LL_RCC_PLL_GetMainSource
    stm32f7xx_ll_rcc.o(i.RCC_PLLI2S_GetFreqDomain_I2S) refers to stm32f7xx_ll_rcc.o(i.LL_RCC_PLL_GetDivider) for LL_RCC_PLL_GetDivider
    stm32f7xx_ll_rcc.o(i.RCC_PLLI2S_GetFreqDomain_SAI) refers to stm32f7xx_ll_rcc.o(i.LL_RCC_PLL_GetMainSource) for LL_RCC_PLL_GetMainSource
    stm32f7xx_ll_rcc.o(i.RCC_PLLI2S_GetFreqDomain_SAI) refers to stm32f7xx_ll_rcc.o(i.LL_RCC_PLL_GetDivider) for LL_RCC_PLL_GetDivider
    stm32f7xx_ll_rcc.o(i.RCC_PLLI2S_GetFreqDomain_SPDIFRX) refers to stm32f7xx_ll_rcc.o(i.LL_RCC_PLL_GetMainSource) for LL_RCC_PLL_GetMainSource
    stm32f7xx_ll_rcc.o(i.RCC_PLLI2S_GetFreqDomain_SPDIFRX) refers to stm32f7xx_ll_rcc.o(i.LL_RCC_PLL_GetDivider) for LL_RCC_PLL_GetDivider
    stm32f7xx_ll_rcc.o(i.RCC_PLLSAI_GetFreqDomain_48M) refers to stm32f7xx_ll_rcc.o(i.LL_RCC_PLL_GetMainSource) for LL_RCC_PLL_GetMainSource
    stm32f7xx_ll_rcc.o(i.RCC_PLLSAI_GetFreqDomain_48M) refers to stm32f7xx_ll_rcc.o(i.LL_RCC_PLL_GetDivider) for LL_RCC_PLL_GetDivider
    stm32f7xx_ll_rcc.o(i.RCC_PLLSAI_GetFreqDomain_LTDC) refers to stm32f7xx_ll_rcc.o(i.LL_RCC_PLL_GetMainSource) for LL_RCC_PLL_GetMainSource
    stm32f7xx_ll_rcc.o(i.RCC_PLLSAI_GetFreqDomain_LTDC) refers to stm32f7xx_ll_rcc.o(i.LL_RCC_PLL_GetDivider) for LL_RCC_PLL_GetDivider
    stm32f7xx_ll_rcc.o(i.RCC_PLLSAI_GetFreqDomain_LTDC) refers to stm32f7xx_ll_rcc.o(.constdata) for .constdata
    stm32f7xx_ll_rcc.o(i.RCC_PLLSAI_GetFreqDomain_SAI) refers to stm32f7xx_ll_rcc.o(i.LL_RCC_PLL_GetMainSource) for LL_RCC_PLL_GetMainSource
    stm32f7xx_ll_rcc.o(i.RCC_PLLSAI_GetFreqDomain_SAI) refers to stm32f7xx_ll_rcc.o(i.LL_RCC_PLL_GetDivider) for LL_RCC_PLL_GetDivider
    stm32f7xx_ll_rcc.o(i.RCC_PLL_GetFreqDomain_48M) refers to stm32f7xx_ll_rcc.o(i.LL_RCC_PLL_GetMainSource) for LL_RCC_PLL_GetMainSource
    stm32f7xx_ll_rcc.o(i.RCC_PLL_GetFreqDomain_48M) refers to stm32f7xx_ll_rcc.o(i.LL_RCC_PLL_GetDivider) for LL_RCC_PLL_GetDivider
    stm32f7xx_ll_rcc.o(i.RCC_PLL_GetFreqDomain_SYS) refers to stm32f7xx_ll_rcc.o(i.LL_RCC_PLL_GetMainSource) for LL_RCC_PLL_GetMainSource
    stm32f7xx_ll_rcc.o(i.RCC_PLL_GetFreqDomain_SYS) refers to stm32f7xx_ll_rcc.o(i.LL_RCC_PLL_GetDivider) for LL_RCC_PLL_GetDivider
    stm32f7xx_ll_utils.o(i.LL_PLL_ConfigSystemClock_HSE) refers to stm32f7xx_ll_utils.o(i.UTILS_PLL_IsBusy) for UTILS_PLL_IsBusy
    stm32f7xx_ll_utils.o(i.LL_PLL_ConfigSystemClock_HSE) refers to stm32f7xx_ll_utils.o(i.UTILS_GetPLLOutputFrequency) for UTILS_GetPLLOutputFrequency
    stm32f7xx_ll_utils.o(i.LL_PLL_ConfigSystemClock_HSE) refers to stm32f7xx_ll_utils.o(i.LL_RCC_PLL_ConfigDomain_SYS) for LL_RCC_PLL_ConfigDomain_SYS
    stm32f7xx_ll_utils.o(i.LL_PLL_ConfigSystemClock_HSE) refers to stm32f7xx_ll_utils.o(i.UTILS_EnablePLLAndSwitchSystem) for UTILS_EnablePLLAndSwitchSystem
    stm32f7xx_ll_utils.o(i.LL_PLL_ConfigSystemClock_HSI) refers to stm32f7xx_ll_utils.o(i.UTILS_PLL_IsBusy) for UTILS_PLL_IsBusy
    stm32f7xx_ll_utils.o(i.LL_PLL_ConfigSystemClock_HSI) refers to stm32f7xx_ll_utils.o(i.UTILS_GetPLLOutputFrequency) for UTILS_GetPLLOutputFrequency
    stm32f7xx_ll_utils.o(i.LL_PLL_ConfigSystemClock_HSI) refers to stm32f7xx_ll_utils.o(i.LL_RCC_PLL_ConfigDomain_SYS) for LL_RCC_PLL_ConfigDomain_SYS
    stm32f7xx_ll_utils.o(i.LL_PLL_ConfigSystemClock_HSI) refers to stm32f7xx_ll_utils.o(i.UTILS_EnablePLLAndSwitchSystem) for UTILS_EnablePLLAndSwitchSystem
    stm32f7xx_ll_utils.o(i.LL_SetSystemCoreClock) refers to system_stm32f7xx.o(.data) for SystemCoreClock
    stm32f7xx_ll_utils.o(i.UTILS_EnablePLLAndSwitchSystem) refers to stm32f7xx_ll_utils.o(i.UTILS_SetFlashLatency) for UTILS_SetFlashLatency
    stm32f7xx_ll_utils.o(i.UTILS_EnablePLLAndSwitchSystem) refers to system_stm32f7xx.o(.data) for SystemCoreClock
    stm32f7xx_ll_utils.o(i.UTILS_EnablePLLAndSwitchSystem) refers to system_stm32f7xx.o(.constdata) for AHBPrescTable
    system_stm32f7xx.o(i.SystemCoreClockUpdate) refers to system_stm32f7xx.o(.data) for .data
    system_stm32f7xx.o(i.SystemCoreClockUpdate) refers to system_stm32f7xx.o(.constdata) for .constdata
    entry.o(.ARM.Collect$$$$00000000) refers (Special) to entry10a.o(.ARM.Collect$$$$0000000D) for __rt_final_cpp
    entry.o(.ARM.Collect$$$$00000000) refers (Special) to entry11a.o(.ARM.Collect$$$$0000000F) for __rt_final_exit
    entry.o(.ARM.Collect$$$$00000000) refers (Special) to entry7b.o(.ARM.Collect$$$$00000008) for _main_clock
    entry.o(.ARM.Collect$$$$00000000) refers (Special) to entry8b.o(.ARM.Collect$$$$0000000A) for _main_cpp_init
    entry.o(.ARM.Collect$$$$00000000) refers (Special) to entry9a.o(.ARM.Collect$$$$0000000B) for _main_init
    entry.o(.ARM.Collect$$$$00000000) refers (Special) to entry5.o(.ARM.Collect$$$$00000004) for _main_scatterload
    entry.o(.ARM.Collect$$$$00000000) refers (Special) to entry2.o(.ARM.Collect$$$$00000001) for _main_stk
    uldiv.o(.text) refers to llushr.o(.text) for __aeabi_llsr
    uldiv.o(.text) refers to llshl.o(.text) for __aeabi_llsl
    entry2.o(.ARM.Collect$$$$00000001) refers to entry2.o(.ARM.Collect$$$$00002712) for __lit__00000000
    entry2.o(.ARM.Collect$$$$00002712) refers to startup_stm32f767xx.o(STACK) for __initial_sp
    entry2.o(__vectab_stack_and_reset_area) refers to startup_stm32f767xx.o(STACK) for __initial_sp
    entry2.o(__vectab_stack_and_reset_area) refers to entry.o(.ARM.Collect$$$$00000000) for __main
    entry5.o(.ARM.Collect$$$$00000004) refers to init.o(.text) for __scatterload
    entry9a.o(.ARM.Collect$$$$0000000B) refers to main.o(i.main) for main
    entry9b.o(.ARM.Collect$$$$0000000C) refers to main.o(i.main) for main
    init.o(.text) refers to entry5.o(.ARM.Collect$$$$00000004) for __main_after_scatterload


==============================================================================

Removing Unused input sections from the image.

    Removing startup_stm32f767xx.o(HEAP), (512 bytes).
    Removing nrf24.o(.rev16_text), (4 bytes).
    Removing nrf24.o(.revsh_text), (4 bytes).
    Removing nrf24.o(.rrx_text), (6 bytes).
    Removing nrf24.o(i.nRF24_ClosePipe), (30 bytes).
    Removing nrf24.o(i.nRF24_DisableAA), (36 bytes).
    Removing nrf24.o(i.nRF24_EnableAA), (28 bytes).
    Removing nrf24.o(i.nRF24_GetIRQFlags), (14 bytes).
    Removing nrf24.o(i.nRF24_GetRXSource), (14 bytes).
    Removing nrf24.o(i.nRF24_GetRetransmitCounters), (6 bytes).
    Removing nrf24.o(i.nRF24_GetStatus), (6 bytes).
    Removing nrf24.o(i.nRF24_GetStatus_TXFIFO), (14 bytes).
    Removing nrf24.o(i.nRF24_ResetPLOS), (20 bytes).
    Removing nrf24.o(i.nRF24_SendPackage), (24 bytes).
    Removing nrf24.o(i.nRF24_SetAddr), (108 bytes).
    Removing nrf24.o(i.nRF24_SetAddrWidth), (10 bytes).
    Removing nrf24.o(i.nRF24_SetAutoRetr), (12 bytes).
    Removing nrf24.o(i.nRF24_SetCRCScheme), (30 bytes).
    Removing nrf24.o(i.nRF24_SetDataRate), (26 bytes).
    Removing nrf24.o(i.nRF24_SetRFChannel), (8 bytes).
    Removing nrf24.o(i.nRF24_SetTXPower), (26 bytes).
    Removing nrf24.o(i.nRF24_TX_ON), (32 bytes).
    Removing nrf24.o(i.nRF24_WritePayload), (10 bytes).
    Removing nrf24_hal.o(.rev16_text), (4 bytes).
    Removing nrf24_hal.o(.revsh_text), (4 bytes).
    Removing nrf24_hal.o(.rrx_text), (6 bytes).
    Removing sysmic_ll_spi.o(.rev16_text), (4 bytes).
    Removing sysmic_ll_spi.o(.revsh_text), (4 bytes).
    Removing sysmic_ll_spi.o(.rrx_text), (6 bytes).
    Removing sysmic_ll_spi.o(i.SPI_ReadMultiple), (48 bytes).
    Removing sysmic_ll_spi.o(i.SPI_WriteMultiple), (46 bytes).
    Removing main.o(.rev16_text), (4 bytes).
    Removing main.o(.revsh_text), (4 bytes).
    Removing main.o(.rrx_text), (6 bytes).
    Removing main.o(i.Error_Handler), (2 bytes).
    Removing main.o(.data), (4 bytes).
    Removing stm32f7xx_it.o(.rev16_text), (4 bytes).
    Removing stm32f7xx_it.o(.revsh_text), (4 bytes).
    Removing stm32f7xx_it.o(.rrx_text), (6 bytes).
    Removing stm32f7xx_hal_msp.o(.rev16_text), (4 bytes).
    Removing stm32f7xx_hal_msp.o(.revsh_text), (4 bytes).
    Removing stm32f7xx_hal_msp.o(.rrx_text), (6 bytes).
    Removing stm32f7xx_ll_gpio.o(.rev16_text), (4 bytes).
    Removing stm32f7xx_ll_gpio.o(.revsh_text), (4 bytes).
    Removing stm32f7xx_ll_gpio.o(.rrx_text), (6 bytes).
    Removing stm32f7xx_ll_gpio.o(i.LL_AHB1_GRP1_ForceReset), (16 bytes).
    Removing stm32f7xx_ll_gpio.o(i.LL_AHB1_GRP1_ReleaseReset), (16 bytes).
    Removing stm32f7xx_ll_gpio.o(i.LL_GPIO_DeInit), (228 bytes).
    Removing stm32f7xx_ll_gpio.o(i.LL_GPIO_StructInit), (22 bytes).
    Removing stm32f7xx_ll_spi.o(.rev16_text), (4 bytes).
    Removing stm32f7xx_ll_spi.o(.revsh_text), (4 bytes).
    Removing stm32f7xx_ll_spi.o(.rrx_text), (6 bytes).
    Removing stm32f7xx_ll_spi.o(i.LL_APB2_GRP1_ForceReset), (16 bytes).
    Removing stm32f7xx_ll_spi.o(i.LL_APB2_GRP1_ReleaseReset), (16 bytes).
    Removing stm32f7xx_ll_spi.o(i.LL_I2S_ConfigPrescaler), (16 bytes).
    Removing stm32f7xx_ll_spi.o(i.LL_I2S_DeInit), (4 bytes).
    Removing stm32f7xx_ll_spi.o(i.LL_I2S_Init), (184 bytes).
    Removing stm32f7xx_ll_spi.o(i.LL_I2S_StructInit), (18 bytes).
    Removing stm32f7xx_ll_spi.o(i.LL_SPI_DeInit), (168 bytes).
    Removing stm32f7xx_ll_spi.o(i.LL_SPI_StructInit), (30 bytes).
    Removing stm32f7xx_ll_dma.o(.rev16_text), (4 bytes).
    Removing stm32f7xx_ll_dma.o(.revsh_text), (4 bytes).
    Removing stm32f7xx_ll_dma.o(.rrx_text), (6 bytes).
    Removing stm32f7xx_ll_dma.o(i.LL_DMA_DeInit), (376 bytes).
    Removing stm32f7xx_ll_dma.o(i.LL_DMA_Init), (172 bytes).
    Removing stm32f7xx_ll_dma.o(i.LL_DMA_SetChannelSelection), (20 bytes).
    Removing stm32f7xx_ll_dma.o(i.LL_DMA_StructInit), (34 bytes).
    Removing stm32f7xx_ll_dma.o(.constdata), (8 bytes).
    Removing stm32f7xx_hal_tim.o(.rev16_text), (4 bytes).
    Removing stm32f7xx_hal_tim.o(.revsh_text), (4 bytes).
    Removing stm32f7xx_hal_tim.o(.rrx_text), (6 bytes).
    Removing stm32f7xx_hal_tim_ex.o(.rev16_text), (4 bytes).
    Removing stm32f7xx_hal_tim_ex.o(.revsh_text), (4 bytes).
    Removing stm32f7xx_hal_tim_ex.o(.rrx_text), (6 bytes).
    Removing stm32f7xx_hal_rcc.o(.rev16_text), (4 bytes).
    Removing stm32f7xx_hal_rcc.o(.revsh_text), (4 bytes).
    Removing stm32f7xx_hal_rcc.o(.rrx_text), (6 bytes).
    Removing stm32f7xx_hal_rcc.o(i.HAL_RCC_CSSCallback), (2 bytes).
    Removing stm32f7xx_hal_rcc.o(i.HAL_RCC_DeInit), (320 bytes).
    Removing stm32f7xx_hal_rcc.o(i.HAL_RCC_DisableCSS), (16 bytes).
    Removing stm32f7xx_hal_rcc.o(i.HAL_RCC_EnableCSS), (16 bytes).
    Removing stm32f7xx_hal_rcc.o(i.HAL_RCC_GetClockConfig), (64 bytes).
    Removing stm32f7xx_hal_rcc.o(i.HAL_RCC_GetHCLKFreq), (12 bytes).
    Removing stm32f7xx_hal_rcc.o(i.HAL_RCC_GetOscConfig), (196 bytes).
    Removing stm32f7xx_hal_rcc.o(i.HAL_RCC_GetPCLK1Freq), (32 bytes).
    Removing stm32f7xx_hal_rcc.o(i.HAL_RCC_GetPCLK2Freq), (32 bytes).
    Removing stm32f7xx_hal_rcc.o(i.HAL_RCC_MCOConfig), (148 bytes).
    Removing stm32f7xx_hal_rcc.o(i.HAL_RCC_NMI_IRQHandler), (28 bytes).
    Removing stm32f7xx_hal_rcc_ex.o(.rev16_text), (4 bytes).
    Removing stm32f7xx_hal_rcc_ex.o(.revsh_text), (4 bytes).
    Removing stm32f7xx_hal_rcc_ex.o(.rrx_text), (6 bytes).
    Removing stm32f7xx_hal_rcc_ex.o(i.HAL_RCCEx_DisablePLLI2S), (48 bytes).
    Removing stm32f7xx_hal_rcc_ex.o(i.HAL_RCCEx_DisablePLLSAI), (52 bytes).
    Removing stm32f7xx_hal_rcc_ex.o(i.HAL_RCCEx_EnablePLLI2S), (112 bytes).
    Removing stm32f7xx_hal_rcc_ex.o(i.HAL_RCCEx_EnablePLLSAI), (120 bytes).
    Removing stm32f7xx_hal_rcc_ex.o(i.HAL_RCCEx_GetPeriphCLKConfig), (336 bytes).
    Removing stm32f7xx_hal_rcc_ex.o(i.HAL_RCCEx_GetPeriphCLKFreq), (272 bytes).
    Removing stm32f7xx_hal_rcc_ex.o(i.HAL_RCCEx_PeriphCLKConfig), (1340 bytes).
    Removing stm32f7xx_hal_flash.o(.rev16_text), (4 bytes).
    Removing stm32f7xx_hal_flash.o(.revsh_text), (4 bytes).
    Removing stm32f7xx_hal_flash.o(.rrx_text), (6 bytes).
    Removing stm32f7xx_hal_flash.o(i.FLASH_Program_Byte), (36 bytes).
    Removing stm32f7xx_hal_flash.o(i.FLASH_Program_DoubleWord), (44 bytes).
    Removing stm32f7xx_hal_flash.o(i.FLASH_Program_HalfWord), (40 bytes).
    Removing stm32f7xx_hal_flash.o(i.FLASH_Program_Word), (40 bytes).
    Removing stm32f7xx_hal_flash.o(i.FLASH_SetErrorCode), (88 bytes).
    Removing stm32f7xx_hal_flash.o(i.FLASH_WaitForLastOperation), (84 bytes).
    Removing stm32f7xx_hal_flash.o(i.HAL_FLASH_EndOfOperationCallback), (2 bytes).
    Removing stm32f7xx_hal_flash.o(i.HAL_FLASH_GetError), (12 bytes).
    Removing stm32f7xx_hal_flash.o(i.HAL_FLASH_IRQHandler), (248 bytes).
    Removing stm32f7xx_hal_flash.o(i.HAL_FLASH_Lock), (20 bytes).
    Removing stm32f7xx_hal_flash.o(i.HAL_FLASH_OB_Launch), (24 bytes).
    Removing stm32f7xx_hal_flash.o(i.HAL_FLASH_OB_Lock), (20 bytes).
    Removing stm32f7xx_hal_flash.o(i.HAL_FLASH_OB_Unlock), (40 bytes).
    Removing stm32f7xx_hal_flash.o(i.HAL_FLASH_OperationErrorCallback), (2 bytes).
    Removing stm32f7xx_hal_flash.o(i.HAL_FLASH_Program), (132 bytes).
    Removing stm32f7xx_hal_flash.o(i.HAL_FLASH_Program_IT), (132 bytes).
    Removing stm32f7xx_hal_flash.o(i.HAL_FLASH_Unlock), (48 bytes).
    Removing stm32f7xx_hal_flash.o(.bss), (28 bytes).
    Removing stm32f7xx_hal_flash_ex.o(.rev16_text), (4 bytes).
    Removing stm32f7xx_hal_flash_ex.o(.revsh_text), (4 bytes).
    Removing stm32f7xx_hal_flash_ex.o(.rrx_text), (6 bytes).
    Removing stm32f7xx_hal_flash_ex.o(i.FLASH_Erase_Sector), (92 bytes).
    Removing stm32f7xx_hal_flash_ex.o(i.FLASH_MassErase), (68 bytes).
    Removing stm32f7xx_hal_flash_ex.o(i.FLASH_OB_BootAddressConfig), (48 bytes).
    Removing stm32f7xx_hal_flash_ex.o(i.FLASH_OB_GetBootAddress), (20 bytes).
    Removing stm32f7xx_hal_flash_ex.o(i.HAL_FLASHEx_Erase), (144 bytes).
    Removing stm32f7xx_hal_flash_ex.o(i.HAL_FLASHEx_Erase_IT), (104 bytes).
    Removing stm32f7xx_hal_flash_ex.o(i.HAL_FLASHEx_OBGetConfig), (84 bytes).
    Removing stm32f7xx_hal_flash_ex.o(i.HAL_FLASHEx_OBProgram), (256 bytes).
    Removing stm32f7xx_hal_gpio.o(.rev16_text), (4 bytes).
    Removing stm32f7xx_hal_gpio.o(.revsh_text), (4 bytes).
    Removing stm32f7xx_hal_gpio.o(.rrx_text), (6 bytes).
    Removing stm32f7xx_hal_gpio.o(i.HAL_GPIO_DeInit), (340 bytes).
    Removing stm32f7xx_hal_gpio.o(i.HAL_GPIO_EXTI_Callback), (2 bytes).
    Removing stm32f7xx_hal_gpio.o(i.HAL_GPIO_EXTI_IRQHandler), (24 bytes).
    Removing stm32f7xx_hal_gpio.o(i.HAL_GPIO_Init), (472 bytes).
    Removing stm32f7xx_hal_gpio.o(i.HAL_GPIO_LockPin), (34 bytes).
    Removing stm32f7xx_hal_gpio.o(i.HAL_GPIO_ReadPin), (10 bytes).
    Removing stm32f7xx_hal_gpio.o(i.HAL_GPIO_TogglePin), (8 bytes).
    Removing stm32f7xx_hal_gpio.o(i.HAL_GPIO_WritePin), (10 bytes).
    Removing stm32f7xx_hal_dma.o(.rev16_text), (4 bytes).
    Removing stm32f7xx_hal_dma.o(.revsh_text), (4 bytes).
    Removing stm32f7xx_hal_dma.o(.rrx_text), (6 bytes).
    Removing stm32f7xx_hal_dma.o(i.DMA_CalcBaseAndBitshift), (40 bytes).
    Removing stm32f7xx_hal_dma.o(i.DMA_CheckFifoParam), (84 bytes).
    Removing stm32f7xx_hal_dma.o(i.DMA_SetConfig), (40 bytes).
    Removing stm32f7xx_hal_dma.o(i.HAL_DMA_Abort), (146 bytes).
    Removing stm32f7xx_hal_dma.o(i.HAL_DMA_Abort_IT), (36 bytes).
    Removing stm32f7xx_hal_dma.o(i.HAL_DMA_DeInit), (98 bytes).
    Removing stm32f7xx_hal_dma.o(i.HAL_DMA_GetError), (4 bytes).
    Removing stm32f7xx_hal_dma.o(i.HAL_DMA_GetState), (6 bytes).
    Removing stm32f7xx_hal_dma.o(i.HAL_DMA_IRQHandler), (416 bytes).
    Removing stm32f7xx_hal_dma.o(i.HAL_DMA_Init), (228 bytes).
    Removing stm32f7xx_hal_dma.o(i.HAL_DMA_PollForTransfer), (292 bytes).
    Removing stm32f7xx_hal_dma.o(i.HAL_DMA_RegisterCallback), (80 bytes).
    Removing stm32f7xx_hal_dma.o(i.HAL_DMA_Start), (74 bytes).
    Removing stm32f7xx_hal_dma.o(i.HAL_DMA_Start_IT), (122 bytes).
    Removing stm32f7xx_hal_dma.o(i.HAL_DMA_UnRegisterCallback), (96 bytes).
    Removing stm32f7xx_hal_dma.o(.constdata), (8 bytes).
    Removing stm32f7xx_hal_dma_ex.o(.rev16_text), (4 bytes).
    Removing stm32f7xx_hal_dma_ex.o(.revsh_text), (4 bytes).
    Removing stm32f7xx_hal_dma_ex.o(.rrx_text), (6 bytes).
    Removing stm32f7xx_hal_dma_ex.o(i.DMA_MultiBufferSetConfig), (30 bytes).
    Removing stm32f7xx_hal_dma_ex.o(i.HAL_DMAEx_ChangeMemory), (14 bytes).
    Removing stm32f7xx_hal_dma_ex.o(i.HAL_DMAEx_MultiBufferStart), (100 bytes).
    Removing stm32f7xx_hal_dma_ex.o(i.HAL_DMAEx_MultiBufferStart_IT), (2428 bytes).
    Removing stm32f7xx_hal_pwr.o(.rev16_text), (4 bytes).
    Removing stm32f7xx_hal_pwr.o(.revsh_text), (4 bytes).
    Removing stm32f7xx_hal_pwr.o(.rrx_text), (6 bytes).
    Removing stm32f7xx_hal_pwr.o(i.HAL_PWR_ConfigPVD), (124 bytes).
    Removing stm32f7xx_hal_pwr.o(i.HAL_PWR_DeInit), (24 bytes).
    Removing stm32f7xx_hal_pwr.o(i.HAL_PWR_DisableBkUpAccess), (16 bytes).
    Removing stm32f7xx_hal_pwr.o(i.HAL_PWR_DisablePVD), (16 bytes).
    Removing stm32f7xx_hal_pwr.o(i.HAL_PWR_DisableSEVOnPend), (16 bytes).
    Removing stm32f7xx_hal_pwr.o(i.HAL_PWR_DisableSleepOnExit), (16 bytes).
    Removing stm32f7xx_hal_pwr.o(i.HAL_PWR_DisableWakeUpPin), (16 bytes).
    Removing stm32f7xx_hal_pwr.o(i.HAL_PWR_EnablePVD), (16 bytes).
    Removing stm32f7xx_hal_pwr.o(i.HAL_PWR_EnableSEVOnPend), (16 bytes).
    Removing stm32f7xx_hal_pwr.o(i.HAL_PWR_EnableSleepOnExit), (16 bytes).
    Removing stm32f7xx_hal_pwr.o(i.HAL_PWR_EnableWakeUpPin), (28 bytes).
    Removing stm32f7xx_hal_pwr.o(i.HAL_PWR_EnterSLEEPMode), (40 bytes).
    Removing stm32f7xx_hal_pwr.o(i.HAL_PWR_EnterSTANDBYMode), (32 bytes).
    Removing stm32f7xx_hal_pwr.o(i.HAL_PWR_EnterSTOPMode), (64 bytes).
    Removing stm32f7xx_hal_pwr.o(i.HAL_PWR_PVDCallback), (2 bytes).
    Removing stm32f7xx_hal_pwr.o(i.HAL_PWR_PVD_IRQHandler), (28 bytes).
    Removing stm32f7xx_hal_pwr_ex.o(.rev16_text), (4 bytes).
    Removing stm32f7xx_hal_pwr_ex.o(.revsh_text), (4 bytes).
    Removing stm32f7xx_hal_pwr_ex.o(.rrx_text), (6 bytes).
    Removing stm32f7xx_hal_pwr_ex.o(i.HAL_PWREx_ControlVoltageScaling), (176 bytes).
    Removing stm32f7xx_hal_pwr_ex.o(i.HAL_PWREx_DisableBkUpReg), (64 bytes).
    Removing stm32f7xx_hal_pwr_ex.o(i.HAL_PWREx_DisableFlashPowerDown), (16 bytes).
    Removing stm32f7xx_hal_pwr_ex.o(i.HAL_PWREx_DisableLowRegulatorLowVoltage), (16 bytes).
    Removing stm32f7xx_hal_pwr_ex.o(i.HAL_PWREx_DisableMainRegulatorLowVoltage), (16 bytes).
    Removing stm32f7xx_hal_pwr_ex.o(i.HAL_PWREx_DisableOverDrive), (108 bytes).
    Removing stm32f7xx_hal_pwr_ex.o(i.HAL_PWREx_EnableBkUpReg), (64 bytes).
    Removing stm32f7xx_hal_pwr_ex.o(i.HAL_PWREx_EnableFlashPowerDown), (16 bytes).
    Removing stm32f7xx_hal_pwr_ex.o(i.HAL_PWREx_EnableLowRegulatorLowVoltage), (16 bytes).
    Removing stm32f7xx_hal_pwr_ex.o(i.HAL_PWREx_EnableMainRegulatorLowVoltage), (16 bytes).
    Removing stm32f7xx_hal_pwr_ex.o(i.HAL_PWREx_EnterUnderDriveSTOPMode), (144 bytes).
    Removing stm32f7xx_hal_pwr_ex.o(i.HAL_PWREx_GetVoltageRange), (16 bytes).
    Removing stm32f7xx_hal_cortex.o(.rev16_text), (4 bytes).
    Removing stm32f7xx_hal_cortex.o(.revsh_text), (4 bytes).
    Removing stm32f7xx_hal_cortex.o(.rrx_text), (6 bytes).
    Removing stm32f7xx_hal_cortex.o(i.HAL_MPU_ConfigRegion), (92 bytes).
    Removing stm32f7xx_hal_cortex.o(i.HAL_MPU_Disable), (28 bytes).
    Removing stm32f7xx_hal_cortex.o(i.HAL_MPU_Enable), (36 bytes).
    Removing stm32f7xx_hal_cortex.o(i.HAL_NVIC_ClearPendingIRQ), (22 bytes).
    Removing stm32f7xx_hal_cortex.o(i.HAL_NVIC_DisableIRQ), (22 bytes).
    Removing stm32f7xx_hal_cortex.o(i.HAL_NVIC_EnableIRQ), (22 bytes).
    Removing stm32f7xx_hal_cortex.o(i.HAL_NVIC_GetActive), (32 bytes).
    Removing stm32f7xx_hal_cortex.o(i.HAL_NVIC_GetPendingIRQ), (32 bytes).
    Removing stm32f7xx_hal_cortex.o(i.HAL_NVIC_GetPriority), (82 bytes).
    Removing stm32f7xx_hal_cortex.o(i.HAL_NVIC_GetPriorityGrouping), (16 bytes).
    Removing stm32f7xx_hal_cortex.o(i.HAL_NVIC_SetPendingIRQ), (22 bytes).
    Removing stm32f7xx_hal_cortex.o(i.HAL_NVIC_SystemReset), (36 bytes).
    Removing stm32f7xx_hal_cortex.o(i.HAL_SYSTICK_CLKSourceConfig), (24 bytes).
    Removing stm32f7xx_hal_cortex.o(i.HAL_SYSTICK_Callback), (2 bytes).
    Removing stm32f7xx_hal_cortex.o(i.HAL_SYSTICK_IRQHandler), (8 bytes).
    Removing stm32f7xx_hal.o(.rev16_text), (4 bytes).
    Removing stm32f7xx_hal.o(.revsh_text), (4 bytes).
    Removing stm32f7xx_hal.o(.rrx_text), (6 bytes).
    Removing stm32f7xx_hal.o(i.HAL_DBGMCU_DisableDBGSleepMode), (16 bytes).
    Removing stm32f7xx_hal.o(i.HAL_DBGMCU_DisableDBGStandbyMode), (16 bytes).
    Removing stm32f7xx_hal.o(i.HAL_DBGMCU_DisableDBGStopMode), (16 bytes).
    Removing stm32f7xx_hal.o(i.HAL_DBGMCU_EnableDBGSleepMode), (16 bytes).
    Removing stm32f7xx_hal.o(i.HAL_DBGMCU_EnableDBGStandbyMode), (16 bytes).
    Removing stm32f7xx_hal.o(i.HAL_DBGMCU_EnableDBGStopMode), (16 bytes).
    Removing stm32f7xx_hal.o(i.HAL_DeInit), (52 bytes).
    Removing stm32f7xx_hal.o(i.HAL_Delay), (36 bytes).
    Removing stm32f7xx_hal.o(i.HAL_DisableCompensationCell), (16 bytes).
    Removing stm32f7xx_hal.o(i.HAL_DisableFMCMemorySwapping), (16 bytes).
    Removing stm32f7xx_hal.o(i.HAL_DisableMemorySwappingBank), (16 bytes).
    Removing stm32f7xx_hal.o(i.HAL_EnableCompensationCell), (16 bytes).
    Removing stm32f7xx_hal.o(i.HAL_EnableFMCMemorySwapping), (16 bytes).
    Removing stm32f7xx_hal.o(i.HAL_EnableMemorySwappingBank), (16 bytes).
    Removing stm32f7xx_hal.o(i.HAL_GetDEVID), (16 bytes).
    Removing stm32f7xx_hal.o(i.HAL_GetHalVersion), (8 bytes).
    Removing stm32f7xx_hal.o(i.HAL_GetREVID), (12 bytes).
    Removing stm32f7xx_hal.o(i.HAL_GetTickFreq), (12 bytes).
    Removing stm32f7xx_hal.o(i.HAL_GetTickPrio), (12 bytes).
    Removing stm32f7xx_hal.o(i.HAL_GetUIDw0), (12 bytes).
    Removing stm32f7xx_hal.o(i.HAL_GetUIDw1), (12 bytes).
    Removing stm32f7xx_hal.o(i.HAL_GetUIDw2), (12 bytes).
    Removing stm32f7xx_hal.o(i.HAL_MspDeInit), (2 bytes).
    Removing stm32f7xx_hal.o(i.HAL_MspInit), (2 bytes).
    Removing stm32f7xx_hal.o(i.HAL_ResumeTick), (14 bytes).
    Removing stm32f7xx_hal.o(i.HAL_SetTickFreq), (32 bytes).
    Removing stm32f7xx_hal.o(i.HAL_SuspendTick), (14 bytes).
    Removing stm32f7xx_hal_i2c.o(.rev16_text), (4 bytes).
    Removing stm32f7xx_hal_i2c.o(.revsh_text), (4 bytes).
    Removing stm32f7xx_hal_i2c.o(.rrx_text), (6 bytes).
    Removing stm32f7xx_hal_i2c.o(i.HAL_I2C_AbortCpltCallback), (2 bytes).
    Removing stm32f7xx_hal_i2c.o(i.HAL_I2C_AddrCallback), (2 bytes).
    Removing stm32f7xx_hal_i2c.o(i.HAL_I2C_DeInit), (52 bytes).
    Removing stm32f7xx_hal_i2c.o(i.HAL_I2C_DisableListen_IT), (54 bytes).
    Removing stm32f7xx_hal_i2c.o(i.HAL_I2C_ER_IRQHandler), (98 bytes).
    Removing stm32f7xx_hal_i2c.o(i.HAL_I2C_EV_IRQHandler), (16 bytes).
    Removing stm32f7xx_hal_i2c.o(i.HAL_I2C_EnableListen_IT), (40 bytes).
    Removing stm32f7xx_hal_i2c.o(i.HAL_I2C_ErrorCallback), (2 bytes).
    Removing stm32f7xx_hal_i2c.o(i.HAL_I2C_GetError), (4 bytes).
    Removing stm32f7xx_hal_i2c.o(i.HAL_I2C_GetMode), (6 bytes).
    Removing stm32f7xx_hal_i2c.o(i.HAL_I2C_GetState), (6 bytes).
    Removing stm32f7xx_hal_i2c.o(i.HAL_I2C_Init), (184 bytes).
    Removing stm32f7xx_hal_i2c.o(i.HAL_I2C_IsDeviceReady), (288 bytes).
    Removing stm32f7xx_hal_i2c.o(i.HAL_I2C_ListenCpltCallback), (2 bytes).
    Removing stm32f7xx_hal_i2c.o(i.HAL_I2C_MasterRxCpltCallback), (2 bytes).
    Removing stm32f7xx_hal_i2c.o(i.HAL_I2C_MasterTxCpltCallback), (2 bytes).
    Removing stm32f7xx_hal_i2c.o(i.HAL_I2C_Master_Abort_IT), (96 bytes).
    Removing stm32f7xx_hal_i2c.o(i.HAL_I2C_Master_Receive), (304 bytes).
    Removing stm32f7xx_hal_i2c.o(i.HAL_I2C_Master_Receive_DMA), (244 bytes).
    Removing stm32f7xx_hal_i2c.o(i.HAL_I2C_Master_Receive_IT), (132 bytes).
    Removing stm32f7xx_hal_i2c.o(i.HAL_I2C_Master_Sequential_Receive_IT), (124 bytes).
    Removing stm32f7xx_hal_i2c.o(i.HAL_I2C_Master_Sequential_Transmit_IT), (124 bytes).
    Removing stm32f7xx_hal_i2c.o(i.HAL_I2C_Master_Transmit), (300 bytes).
    Removing stm32f7xx_hal_i2c.o(i.HAL_I2C_Master_Transmit_DMA), (248 bytes).
    Removing stm32f7xx_hal_i2c.o(i.HAL_I2C_Master_Transmit_IT), (132 bytes).
    Removing stm32f7xx_hal_i2c.o(i.HAL_I2C_MemRxCpltCallback), (2 bytes).
    Removing stm32f7xx_hal_i2c.o(i.HAL_I2C_MemTxCpltCallback), (2 bytes).
    Removing stm32f7xx_hal_i2c.o(i.HAL_I2C_Mem_Read), (368 bytes).
    Removing stm32f7xx_hal_i2c.o(i.HAL_I2C_Mem_Read_DMA), (256 bytes).
    Removing stm32f7xx_hal_i2c.o(i.HAL_I2C_Mem_Read_IT), (196 bytes).
    Removing stm32f7xx_hal_i2c.o(i.HAL_I2C_Mem_Write), (360 bytes).
    Removing stm32f7xx_hal_i2c.o(i.HAL_I2C_Mem_Write_DMA), (252 bytes).
    Removing stm32f7xx_hal_i2c.o(i.HAL_I2C_Mem_Write_IT), (192 bytes).
    Removing stm32f7xx_hal_i2c.o(i.HAL_I2C_MspDeInit), (2 bytes).
    Removing stm32f7xx_hal_i2c.o(i.HAL_I2C_MspInit), (2 bytes).
    Removing stm32f7xx_hal_i2c.o(i.HAL_I2C_SlaveRxCpltCallback), (2 bytes).
    Removing stm32f7xx_hal_i2c.o(i.HAL_I2C_SlaveTxCpltCallback), (2 bytes).
    Removing stm32f7xx_hal_i2c.o(i.HAL_I2C_Slave_Receive), (312 bytes).
    Removing stm32f7xx_hal_i2c.o(i.HAL_I2C_Slave_Receive_DMA), (164 bytes).
    Removing stm32f7xx_hal_i2c.o(i.HAL_I2C_Slave_Receive_IT), (92 bytes).
    Removing stm32f7xx_hal_i2c.o(i.HAL_I2C_Slave_Sequential_Receive_IT), (152 bytes).
    Removing stm32f7xx_hal_i2c.o(i.HAL_I2C_Slave_Sequential_Transmit_IT), (152 bytes).
    Removing stm32f7xx_hal_i2c.o(i.HAL_I2C_Slave_Transmit), (316 bytes).
    Removing stm32f7xx_hal_i2c.o(i.HAL_I2C_Slave_Transmit_DMA), (156 bytes).
    Removing stm32f7xx_hal_i2c.o(i.HAL_I2C_Slave_Transmit_IT), (92 bytes).
    Removing stm32f7xx_hal_i2c.o(i.I2C_DMAAbort), (50 bytes).
    Removing stm32f7xx_hal_i2c.o(i.I2C_DMAError), (18 bytes).
    Removing stm32f7xx_hal_i2c.o(i.I2C_DMAMasterReceiveCplt), (66 bytes).
    Removing stm32f7xx_hal_i2c.o(i.I2C_DMAMasterTransmitCplt), (66 bytes).
    Removing stm32f7xx_hal_i2c.o(i.I2C_DMASlaveReceiveCplt), (2 bytes).
    Removing stm32f7xx_hal_i2c.o(i.I2C_DMASlaveTransmitCplt), (2 bytes).
    Removing stm32f7xx_hal_i2c.o(i.I2C_Disable_IRQ), (88 bytes).
    Removing stm32f7xx_hal_i2c.o(i.I2C_Enable_IRQ), (96 bytes).
    Removing stm32f7xx_hal_i2c.o(i.I2C_Flush_TXDR), (34 bytes).
    Removing stm32f7xx_hal_i2c.o(i.I2C_ITAddrCplt), (136 bytes).
    Removing stm32f7xx_hal_i2c.o(i.I2C_ITError), (224 bytes).
    Removing stm32f7xx_hal_i2c.o(i.I2C_ITListenCplt), (96 bytes).
    Removing stm32f7xx_hal_i2c.o(i.I2C_ITMasterCplt), (180 bytes).
    Removing stm32f7xx_hal_i2c.o(i.I2C_ITMasterSequentialCplt), (80 bytes).
    Removing stm32f7xx_hal_i2c.o(i.I2C_ITSlaveCplt), (240 bytes).
    Removing stm32f7xx_hal_i2c.o(i.I2C_ITSlaveSequentialCplt), (84 bytes).
    Removing stm32f7xx_hal_i2c.o(i.I2C_IsAcknowledgeFailed), (124 bytes).
    Removing stm32f7xx_hal_i2c.o(i.I2C_Master_ISR_DMA), (196 bytes).
    Removing stm32f7xx_hal_i2c.o(i.I2C_Master_ISR_IT), (288 bytes).
    Removing stm32f7xx_hal_i2c.o(i.I2C_RequestMemoryRead), (112 bytes).
    Removing stm32f7xx_hal_i2c.o(i.I2C_RequestMemoryWrite), (112 bytes).
    Removing stm32f7xx_hal_i2c.o(i.I2C_Slave_ISR_DMA), (106 bytes).
    Removing stm32f7xx_hal_i2c.o(i.I2C_Slave_ISR_IT), (276 bytes).
    Removing stm32f7xx_hal_i2c.o(i.I2C_TransferConfig), (44 bytes).
    Removing stm32f7xx_hal_i2c.o(i.I2C_WaitOnFlagUntilTimeout), (82 bytes).
    Removing stm32f7xx_hal_i2c.o(i.I2C_WaitOnRXNEFlagUntilTimeout), (140 bytes).
    Removing stm32f7xx_hal_i2c.o(i.I2C_WaitOnSTOPFlagUntilTimeout), (80 bytes).
    Removing stm32f7xx_hal_i2c.o(i.I2C_WaitOnTXISFlagUntilTimeout), (84 bytes).
    Removing stm32f7xx_hal_i2c_ex.o(.rev16_text), (4 bytes).
    Removing stm32f7xx_hal_i2c_ex.o(.revsh_text), (4 bytes).
    Removing stm32f7xx_hal_i2c_ex.o(.rrx_text), (6 bytes).
    Removing stm32f7xx_hal_i2c_ex.o(i.HAL_I2CEx_ConfigAnalogFilter), (88 bytes).
    Removing stm32f7xx_hal_i2c_ex.o(i.HAL_I2CEx_ConfigDigitalFilter), (84 bytes).
    Removing stm32f7xx_hal_i2c_ex.o(i.HAL_I2CEx_DisableFastModePlus), (40 bytes).
    Removing stm32f7xx_hal_i2c_ex.o(i.HAL_I2CEx_EnableFastModePlus), (40 bytes).
    Removing stm32f7xx_ll_rcc.o(.rev16_text), (4 bytes).
    Removing stm32f7xx_ll_rcc.o(.revsh_text), (4 bytes).
    Removing stm32f7xx_ll_rcc.o(.rrx_text), (6 bytes).
    Removing stm32f7xx_ll_rcc.o(i.LL_RCC_DeInit), (156 bytes).
    Removing stm32f7xx_ll_rcc.o(i.LL_RCC_GetCECClockFreq), (44 bytes).
    Removing stm32f7xx_ll_rcc.o(i.LL_RCC_GetDFSDMAudioClockFreq), (28 bytes).
    Removing stm32f7xx_ll_rcc.o(i.LL_RCC_GetDFSDMClockFreq), (44 bytes).
    Removing stm32f7xx_ll_rcc.o(i.LL_RCC_GetI2CClockFreq), (144 bytes).
    Removing stm32f7xx_ll_rcc.o(i.LL_RCC_GetI2CClockSource), (16 bytes).
    Removing stm32f7xx_ll_rcc.o(i.LL_RCC_GetI2SClockFreq), (52 bytes).
    Removing stm32f7xx_ll_rcc.o(i.LL_RCC_GetLPTIMClockFreq), (104 bytes).
    Removing stm32f7xx_ll_rcc.o(i.LL_RCC_GetLTDCClockFreq), (20 bytes).
    Removing stm32f7xx_ll_rcc.o(i.LL_RCC_GetRNGClockFreq), (44 bytes).
    Removing stm32f7xx_ll_rcc.o(i.LL_RCC_GetSAIClockFreq), (188 bytes).
    Removing stm32f7xx_ll_rcc.o(i.LL_RCC_GetSDMMCClockFreq), (100 bytes).
    Removing stm32f7xx_ll_rcc.o(i.LL_RCC_GetSPDIFRXClockFreq), (20 bytes).
    Removing stm32f7xx_ll_rcc.o(i.LL_RCC_GetSystemClocksFreq), (32 bytes).
    Removing stm32f7xx_ll_rcc.o(i.LL_RCC_GetUARTClockFreq), (188 bytes).
    Removing stm32f7xx_ll_rcc.o(i.LL_RCC_GetUARTClockSource), (16 bytes).
    Removing stm32f7xx_ll_rcc.o(i.LL_RCC_GetUSARTClockFreq), (188 bytes).
    Removing stm32f7xx_ll_rcc.o(i.LL_RCC_GetUSARTClockSource), (16 bytes).
    Removing stm32f7xx_ll_rcc.o(i.LL_RCC_GetUSBClockFreq), (44 bytes).
    Removing stm32f7xx_ll_rcc.o(i.LL_RCC_HSI_IsReady), (16 bytes).
    Removing stm32f7xx_ll_rcc.o(i.LL_RCC_LSE_IsReady), (16 bytes).
    Removing stm32f7xx_ll_rcc.o(i.LL_RCC_PLLI2S_IsReady), (16 bytes).
    Removing stm32f7xx_ll_rcc.o(i.LL_RCC_PLLSAI_IsReady), (16 bytes).
    Removing stm32f7xx_ll_rcc.o(i.LL_RCC_PLL_GetDivider), (16 bytes).
    Removing stm32f7xx_ll_rcc.o(i.LL_RCC_PLL_GetMainSource), (16 bytes).
    Removing stm32f7xx_ll_rcc.o(i.LL_RCC_PLL_IsReady), (16 bytes).
    Removing stm32f7xx_ll_rcc.o(i.RCC_GetHCLKClockFreq), (28 bytes).
    Removing stm32f7xx_ll_rcc.o(i.RCC_GetPCLK1ClockFreq), (28 bytes).
    Removing stm32f7xx_ll_rcc.o(i.RCC_GetPCLK2ClockFreq), (28 bytes).
    Removing stm32f7xx_ll_rcc.o(i.RCC_GetSystemClockFreq), (40 bytes).
    Removing stm32f7xx_ll_rcc.o(i.RCC_PLLI2S_GetFreqDomain_I2S), (64 bytes).
    Removing stm32f7xx_ll_rcc.o(i.RCC_PLLI2S_GetFreqDomain_SAI), (76 bytes).
    Removing stm32f7xx_ll_rcc.o(i.RCC_PLLI2S_GetFreqDomain_SPDIFRX), (64 bytes).
    Removing stm32f7xx_ll_rcc.o(i.RCC_PLLSAI_GetFreqDomain_48M), (64 bytes).
    Removing stm32f7xx_ll_rcc.o(i.RCC_PLLSAI_GetFreqDomain_LTDC), (84 bytes).
    Removing stm32f7xx_ll_rcc.o(i.RCC_PLLSAI_GetFreqDomain_SAI), (76 bytes).
    Removing stm32f7xx_ll_rcc.o(i.RCC_PLL_GetFreqDomain_48M), (60 bytes).
    Removing stm32f7xx_ll_rcc.o(i.RCC_PLL_GetFreqDomain_SYS), (64 bytes).
    Removing stm32f7xx_ll_rcc.o(.constdata), (4 bytes).
    Removing stm32f7xx_ll_utils.o(.rev16_text), (4 bytes).
    Removing stm32f7xx_ll_utils.o(.revsh_text), (4 bytes).
    Removing stm32f7xx_ll_utils.o(.rrx_text), (6 bytes).
    Removing stm32f7xx_ll_utils.o(i.LL_Init1msTick), (26 bytes).
    Removing stm32f7xx_ll_utils.o(i.LL_PLL_ConfigSystemClock_HSE), (112 bytes).
    Removing stm32f7xx_ll_utils.o(i.LL_PLL_ConfigSystemClock_HSI), (88 bytes).
    Removing stm32f7xx_ll_utils.o(i.LL_RCC_PLL_ConfigDomain_SYS), (32 bytes).
    Removing stm32f7xx_ll_utils.o(i.LL_SetSystemCoreClock), (12 bytes).
    Removing stm32f7xx_ll_utils.o(i.LL_mDelay), (30 bytes).
    Removing stm32f7xx_ll_utils.o(i.UTILS_EnablePLLAndSwitchSystem), (152 bytes).
    Removing stm32f7xx_ll_utils.o(i.UTILS_GetPLLOutputFrequency), (34 bytes).
    Removing stm32f7xx_ll_utils.o(i.UTILS_PLL_IsBusy), (44 bytes).
    Removing stm32f7xx_ll_utils.o(i.UTILS_SetFlashLatency), (196 bytes).
    Removing stm32f7xx_ll_exti.o(.rev16_text), (4 bytes).
    Removing stm32f7xx_ll_exti.o(.revsh_text), (4 bytes).
    Removing stm32f7xx_ll_exti.o(.rrx_text), (6 bytes).
    Removing stm32f7xx_ll_exti.o(i.LL_EXTI_DeInit), (40 bytes).
    Removing stm32f7xx_ll_exti.o(i.LL_EXTI_Init), (164 bytes).
    Removing stm32f7xx_ll_exti.o(i.LL_EXTI_StructInit), (14 bytes).
    Removing system_stm32f7xx.o(.rev16_text), (4 bytes).
    Removing system_stm32f7xx.o(.revsh_text), (4 bytes).
    Removing system_stm32f7xx.o(.rrx_text), (6 bytes).
    Removing system_stm32f7xx.o(i.SystemCoreClockUpdate), (128 bytes).
    Removing system_stm32f7xx.o(.constdata), (8 bytes).

398 unused section(s) (total 27310 bytes) removed from the image.

==============================================================================

Image Symbol Table

    Local Symbols

    Symbol Name                              Value     Ov Type        Size  Object(Section)

    ../Drivers/STM32F7xx_HAL_Driver/Src/stm32f7xx_hal.c 0x00000000   Number         0  stm32f7xx_hal.o ABSOLUTE
    ../Drivers/STM32F7xx_HAL_Driver/Src/stm32f7xx_hal_cortex.c 0x00000000   Number         0  stm32f7xx_hal_cortex.o ABSOLUTE
    ../Drivers/STM32F7xx_HAL_Driver/Src/stm32f7xx_hal_dma.c 0x00000000   Number         0  stm32f7xx_hal_dma.o ABSOLUTE
    ../Drivers/STM32F7xx_HAL_Driver/Src/stm32f7xx_hal_dma_ex.c 0x00000000   Number         0  stm32f7xx_hal_dma_ex.o ABSOLUTE
    ../Drivers/STM32F7xx_HAL_Driver/Src/stm32f7xx_hal_flash.c 0x00000000   Number         0  stm32f7xx_hal_flash.o ABSOLUTE
    ../Drivers/STM32F7xx_HAL_Driver/Src/stm32f7xx_hal_flash_ex.c 0x00000000   Number         0  stm32f7xx_hal_flash_ex.o ABSOLUTE
    ../Drivers/STM32F7xx_HAL_Driver/Src/stm32f7xx_hal_gpio.c 0x00000000   Number         0  stm32f7xx_hal_gpio.o ABSOLUTE
    ../Drivers/STM32F7xx_HAL_Driver/Src/stm32f7xx_hal_i2c.c 0x00000000   Number         0  stm32f7xx_hal_i2c.o ABSOLUTE
    ../Drivers/STM32F7xx_HAL_Driver/Src/stm32f7xx_hal_i2c_ex.c 0x00000000   Number         0  stm32f7xx_hal_i2c_ex.o ABSOLUTE
    ../Drivers/STM32F7xx_HAL_Driver/Src/stm32f7xx_hal_pwr.c 0x00000000   Number         0  stm32f7xx_hal_pwr.o ABSOLUTE
    ../Drivers/STM32F7xx_HAL_Driver/Src/stm32f7xx_hal_pwr_ex.c 0x00000000   Number         0  stm32f7xx_hal_pwr_ex.o ABSOLUTE
    ../Drivers/STM32F7xx_HAL_Driver/Src/stm32f7xx_hal_rcc.c 0x00000000   Number         0  stm32f7xx_hal_rcc.o ABSOLUTE
    ../Drivers/STM32F7xx_HAL_Driver/Src/stm32f7xx_hal_rcc_ex.c 0x00000000   Number         0  stm32f7xx_hal_rcc_ex.o ABSOLUTE
    ../Drivers/STM32F7xx_HAL_Driver/Src/stm32f7xx_hal_tim.c 0x00000000   Number         0  stm32f7xx_hal_tim.o ABSOLUTE
    ../Drivers/STM32F7xx_HAL_Driver/Src/stm32f7xx_hal_tim_ex.c 0x00000000   Number         0  stm32f7xx_hal_tim_ex.o ABSOLUTE
    ../Drivers/STM32F7xx_HAL_Driver/Src/stm32f7xx_ll_dma.c 0x00000000   Number         0  stm32f7xx_ll_dma.o ABSOLUTE
    ../Drivers/STM32F7xx_HAL_Driver/Src/stm32f7xx_ll_exti.c 0x00000000   Number         0  stm32f7xx_ll_exti.o ABSOLUTE
    ../Drivers/STM32F7xx_HAL_Driver/Src/stm32f7xx_ll_gpio.c 0x00000000   Number         0  stm32f7xx_ll_gpio.o ABSOLUTE
    ../Drivers/STM32F7xx_HAL_Driver/Src/stm32f7xx_ll_rcc.c 0x00000000   Number         0  stm32f7xx_ll_rcc.o ABSOLUTE
    ../Drivers/STM32F7xx_HAL_Driver/Src/stm32f7xx_ll_spi.c 0x00000000   Number         0  stm32f7xx_ll_spi.o ABSOLUTE
    ../Drivers/STM32F7xx_HAL_Driver/Src/stm32f7xx_ll_utils.c 0x00000000   Number         0  stm32f7xx_ll_utils.o ABSOLUTE
    ../Src/main.c                            0x00000000   Number         0  main.o ABSOLUTE
    ../Src/stm32f7xx_hal_msp.c               0x00000000   Number         0  stm32f7xx_hal_msp.o ABSOLUTE
    ../Src/stm32f7xx_it.c                    0x00000000   Number         0  stm32f7xx_it.o ABSOLUTE
    ../Src/system_stm32f7xx.c                0x00000000   Number         0  system_stm32f7xx.o ABSOLUTE
    ../clib/microlib/division.c              0x00000000   Number         0  uldiv.o ABSOLUTE
    ../clib/microlib/init/entry.s            0x00000000   Number         0  entry7b.o ABSOLUTE
    ../clib/microlib/init/entry.s            0x00000000   Number         0  entry.o ABSOLUTE
    ../clib/microlib/init/entry.s            0x00000000   Number         0  entry9a.o ABSOLUTE
    ../clib/microlib/init/entry.s            0x00000000   Number         0  entry9b.o ABSOLUTE
    ../clib/microlib/init/entry.s            0x00000000   Number         0  entry10a.o ABSOLUTE
    ../clib/microlib/init/entry.s            0x00000000   Number         0  entry10b.o ABSOLUTE
    ../clib/microlib/init/entry.s            0x00000000   Number         0  entry11a.o ABSOLUTE
    ../clib/microlib/init/entry.s            0x00000000   Number         0  entry11b.o ABSOLUTE
    ../clib/microlib/init/entry.s            0x00000000   Number         0  entry8b.o ABSOLUTE
    ../clib/microlib/init/entry.s            0x00000000   Number         0  entry8a.o ABSOLUTE
    ../clib/microlib/init/entry.s            0x00000000   Number         0  entry2.o ABSOLUTE
    ../clib/microlib/init/entry.s            0x00000000   Number         0  entry5.o ABSOLUTE
    ../clib/microlib/init/entry.s            0x00000000   Number         0  entry7a.o ABSOLUTE
    ../clib/microlib/longlong.c              0x00000000   Number         0  llshl.o ABSOLUTE
    ../clib/microlib/longlong.c              0x00000000   Number         0  llushr.o ABSOLUTE
    ../clib/microlib/string/memset.c         0x00000000   Number         0  memseta.o ABSOLUTE
    ..\Drivers\STM32F7xx_HAL_Driver\Src\stm32f7xx_hal.c 0x00000000   Number         0  stm32f7xx_hal.o ABSOLUTE
    ..\Drivers\STM32F7xx_HAL_Driver\Src\stm32f7xx_hal_cortex.c 0x00000000   Number         0  stm32f7xx_hal_cortex.o ABSOLUTE
    ..\Drivers\STM32F7xx_HAL_Driver\Src\stm32f7xx_hal_dma.c 0x00000000   Number         0  stm32f7xx_hal_dma.o ABSOLUTE
    ..\Drivers\STM32F7xx_HAL_Driver\Src\stm32f7xx_hal_dma_ex.c 0x00000000   Number         0  stm32f7xx_hal_dma_ex.o ABSOLUTE
    ..\Drivers\STM32F7xx_HAL_Driver\Src\stm32f7xx_hal_flash.c 0x00000000   Number         0  stm32f7xx_hal_flash.o ABSOLUTE
    ..\Drivers\STM32F7xx_HAL_Driver\Src\stm32f7xx_hal_flash_ex.c 0x00000000   Number         0  stm32f7xx_hal_flash_ex.o ABSOLUTE
    ..\Drivers\STM32F7xx_HAL_Driver\Src\stm32f7xx_hal_gpio.c 0x00000000   Number         0  stm32f7xx_hal_gpio.o ABSOLUTE
    ..\Drivers\STM32F7xx_HAL_Driver\Src\stm32f7xx_hal_i2c.c 0x00000000   Number         0  stm32f7xx_hal_i2c.o ABSOLUTE
    ..\Drivers\STM32F7xx_HAL_Driver\Src\stm32f7xx_hal_i2c_ex.c 0x00000000   Number         0  stm32f7xx_hal_i2c_ex.o ABSOLUTE
    ..\Drivers\STM32F7xx_HAL_Driver\Src\stm32f7xx_hal_pwr.c 0x00000000   Number         0  stm32f7xx_hal_pwr.o ABSOLUTE
    ..\Drivers\STM32F7xx_HAL_Driver\Src\stm32f7xx_hal_pwr_ex.c 0x00000000   Number         0  stm32f7xx_hal_pwr_ex.o ABSOLUTE
    ..\Drivers\STM32F7xx_HAL_Driver\Src\stm32f7xx_hal_rcc.c 0x00000000   Number         0  stm32f7xx_hal_rcc.o ABSOLUTE
    ..\Drivers\STM32F7xx_HAL_Driver\Src\stm32f7xx_hal_rcc_ex.c 0x00000000   Number         0  stm32f7xx_hal_rcc_ex.o ABSOLUTE
    ..\Drivers\STM32F7xx_HAL_Driver\Src\stm32f7xx_hal_tim.c 0x00000000   Number         0  stm32f7xx_hal_tim.o ABSOLUTE
    ..\Drivers\STM32F7xx_HAL_Driver\Src\stm32f7xx_hal_tim_ex.c 0x00000000   Number         0  stm32f7xx_hal_tim_ex.o ABSOLUTE
    ..\Drivers\STM32F7xx_HAL_Driver\Src\stm32f7xx_ll_dma.c 0x00000000   Number         0  stm32f7xx_ll_dma.o ABSOLUTE
    ..\Drivers\STM32F7xx_HAL_Driver\Src\stm32f7xx_ll_exti.c 0x00000000   Number         0  stm32f7xx_ll_exti.o ABSOLUTE
    ..\Drivers\STM32F7xx_HAL_Driver\Src\stm32f7xx_ll_gpio.c 0x00000000   Number         0  stm32f7xx_ll_gpio.o ABSOLUTE
    ..\Drivers\STM32F7xx_HAL_Driver\Src\stm32f7xx_ll_rcc.c 0x00000000   Number         0  stm32f7xx_ll_rcc.o ABSOLUTE
    ..\Drivers\STM32F7xx_HAL_Driver\Src\stm32f7xx_ll_spi.c 0x00000000   Number         0  stm32f7xx_ll_spi.o ABSOLUTE
    ..\Drivers\STM32F7xx_HAL_Driver\Src\stm32f7xx_ll_utils.c 0x00000000   Number         0  stm32f7xx_ll_utils.o ABSOLUTE
    ..\Src\main.c                            0x00000000   Number         0  main.o ABSOLUTE
    ..\Src\nrf24.c                           0x00000000   Number         0  nrf24.o ABSOLUTE
    ..\Src\nrf24_hal.c                       0x00000000   Number         0  nrf24_hal.o ABSOLUTE
    ..\Src\stm32f7xx_hal_msp.c               0x00000000   Number         0  stm32f7xx_hal_msp.o ABSOLUTE
    ..\Src\stm32f7xx_it.c                    0x00000000   Number         0  stm32f7xx_it.o ABSOLUTE
    ..\Src\sysmic_ll_spi.c                   0x00000000   Number         0  sysmic_ll_spi.o ABSOLUTE
    ..\Src\system_stm32f7xx.c                0x00000000   Number         0  system_stm32f7xx.o ABSOLUTE
    ..\\Src\\nrf24.c                         0x00000000   Number         0  nrf24.o ABSOLUTE
    ..\\Src\\nrf24_hal.c                     0x00000000   Number         0  nrf24_hal.o ABSOLUTE
    ..\\Src\\sysmic_ll_spi.c                 0x00000000   Number         0  sysmic_ll_spi.o ABSOLUTE
    dc.s                                     0x00000000   Number         0  dc.o ABSOLUTE
    handlers.s                               0x00000000   Number         0  handlers.o ABSOLUTE
    init.s                                   0x00000000   Number         0  init.o ABSOLUTE
    startup_stm32f767xx.s                    0x00000000   Number         0  startup_stm32f767xx.o ABSOLUTE
    RESET                                    0x08000000   Section      504  startup_stm32f767xx.o(RESET)
    .ARM.Collect$$$$00000000                 0x080001f8   Section        0  entry.o(.ARM.Collect$$$$00000000)
    .ARM.Collect$$$$00000001                 0x080001f8   Section        4  entry2.o(.ARM.Collect$$$$00000001)
    .ARM.Collect$$$$00000004                 0x080001fc   Section        4  entry5.o(.ARM.Collect$$$$00000004)
    .ARM.Collect$$$$00000008                 0x08000200   Section        0  entry7b.o(.ARM.Collect$$$$00000008)
    .ARM.Collect$$$$0000000A                 0x08000200   Section        0  entry8b.o(.ARM.Collect$$$$0000000A)
    .ARM.Collect$$$$0000000B                 0x08000200   Section        8  entry9a.o(.ARM.Collect$$$$0000000B)
    .ARM.Collect$$$$0000000D                 0x08000208   Section        0  entry10a.o(.ARM.Collect$$$$0000000D)
    .ARM.Collect$$$$0000000F                 0x08000208   Section        0  entry11a.o(.ARM.Collect$$$$0000000F)
    .ARM.Collect$$$$00002712                 0x08000208   Section        4  entry2.o(.ARM.Collect$$$$00002712)
    __lit__00000000                          0x08000208   Data           4  entry2.o(.ARM.Collect$$$$00002712)
    .text                                    0x0800020c   Section       36  startup_stm32f767xx.o(.text)
    $v0                                      0x0800020c   Number         0  startup_stm32f767xx.o(.text)
    .text                                    0x08000230   Section        0  uldiv.o(.text)
    .text                                    0x08000292   Section        0  memseta.o(.text)
    .text                                    0x080002b6   Section        0  llshl.o(.text)
    .text                                    0x080002d4   Section        0  llushr.o(.text)
    .text                                    0x080002f4   Section       36  init.o(.text)
    i.BusFault_Handler                       0x08000318   Section        0  stm32f7xx_it.o(i.BusFault_Handler)
    i.DebugMon_Handler                       0x0800031a   Section        0  stm32f7xx_it.o(i.DebugMon_Handler)
    i.HAL_GetTick                            0x0800031c   Section        0  stm32f7xx_hal.o(i.HAL_GetTick)
    i.HAL_IncTick                            0x08000328   Section        0  stm32f7xx_hal.o(i.HAL_IncTick)
    i.HAL_Init                               0x08000338   Section        0  stm32f7xx_hal.o(i.HAL_Init)
    i.HAL_InitTick                           0x08000350   Section        0  stm32f7xx_hal.o(i.HAL_InitTick)
    i.HAL_MspInit                            0x08000390   Section        0  stm32f7xx_hal_msp.o(i.HAL_MspInit)
    i.HAL_NVIC_SetPriority                   0x080003c0   Section        0  stm32f7xx_hal_cortex.o(i.HAL_NVIC_SetPriority)
    i.HAL_NVIC_SetPriorityGrouping           0x08000400   Section        0  stm32f7xx_hal_cortex.o(i.HAL_NVIC_SetPriorityGrouping)
    i.HAL_PWREx_EnableOverDrive              0x08000424   Section        0  stm32f7xx_hal_pwr_ex.o(i.HAL_PWREx_EnableOverDrive)
    i.HAL_PWR_EnableBkUpAccess               0x08000490   Section        0  stm32f7xx_hal_pwr.o(i.HAL_PWR_EnableBkUpAccess)
    i.HAL_RCC_ClockConfig                    0x080004a0   Section        0  stm32f7xx_hal_rcc.o(i.HAL_RCC_ClockConfig)
    i.HAL_RCC_GetSysClockFreq                0x080005cc   Section        0  stm32f7xx_hal_rcc.o(i.HAL_RCC_GetSysClockFreq)
    i.HAL_RCC_OscConfig                      0x0800062c   Section        0  stm32f7xx_hal_rcc.o(i.HAL_RCC_OscConfig)
    i.HAL_SYSTICK_Config                     0x08000968   Section        0  stm32f7xx_hal_cortex.o(i.HAL_SYSTICK_Config)
    i.HardFault_Handler                      0x0800098e   Section        0  stm32f7xx_it.o(i.HardFault_Handler)
    i.LL_AHB1_GRP1_EnableClock               0x08000990   Section        0  main.o(i.LL_AHB1_GRP1_EnableClock)
    LL_AHB1_GRP1_EnableClock                 0x08000991   Thumb Code    18  main.o(i.LL_AHB1_GRP1_EnableClock)
    i.LL_GPIO_Init                           0x080009a8   Section        0  stm32f7xx_ll_gpio.o(i.LL_GPIO_Init)
    i.LL_SPI_Init                            0x08000ade   Section        0  stm32f7xx_ll_spi.o(i.LL_SPI_Init)
    i.MX_GPIO_Init                           0x08000b44   Section        0  main.o(i.MX_GPIO_Init)
    MX_GPIO_Init                             0x08000b45   Thumb Code   102  main.o(i.MX_GPIO_Init)
    i.MX_SPI1_Init                           0x08000bb0   Section        0  main.o(i.MX_SPI1_Init)
    MX_SPI1_Init                             0x08000bb1   Thumb Code   198  main.o(i.MX_SPI1_Init)
    i.MemManage_Handler                      0x08000c84   Section        0  stm32f7xx_it.o(i.MemManage_Handler)
    i.NMI_Handler                            0x08000c86   Section        0  stm32f7xx_it.o(i.NMI_Handler)
    i.NVIC_SetPriority                       0x08000c88   Section        0  stm32f7xx_hal_cortex.o(i.NVIC_SetPriority)
    NVIC_SetPriority                         0x08000c89   Thumb Code    34  stm32f7xx_hal_cortex.o(i.NVIC_SetPriority)
    i.PendSV_Handler                         0x08000caa   Section        0  stm32f7xx_it.o(i.PendSV_Handler)
    i.SPI_Write                              0x08000cac   Section        0  sysmic_ll_spi.o(i.SPI_Write)
    i.SVC_Handler                            0x08000cd2   Section        0  stm32f7xx_it.o(i.SVC_Handler)
    i.SysTick_Handler                        0x08000cd4   Section        0  stm32f7xx_it.o(i.SysTick_Handler)
    i.SystemClock_Config                     0x08000cd8   Section        0  main.o(i.SystemClock_Config)
    i.SystemInit                             0x08000d64   Section        0  system_stm32f7xx.o(i.SystemInit)
    i.UsageFault_Handler                     0x08000db8   Section        0  stm32f7xx_it.o(i.UsageFault_Handler)
    i.__scatterload_copy                     0x08000dba   Section       14  handlers.o(i.__scatterload_copy)
    i.__scatterload_null                     0x08000dc8   Section        2  handlers.o(i.__scatterload_null)
    i.__scatterload_zeroinit                 0x08000dca   Section       14  handlers.o(i.__scatterload_zeroinit)
    i.main                                   0x08000dd8   Section        0  main.o(i.main)
    i.nRF24_Check                            0x08000e34   Section        0  nrf24.o(i.nRF24_Check)
    i.nRF24_ClearIRQFlags                    0x08000e74   Section        0  nrf24.o(i.nRF24_ClearIRQFlags)
    i.nRF24_FlushRX                          0x08000e8a   Section        0  nrf24.o(i.nRF24_FlushRX)
    i.nRF24_FlushTX                          0x08000e92   Section        0  nrf24.o(i.nRF24_FlushTX)
    i.nRF24_GPIO_Init                        0x08000e9c   Section        0  nrf24_hal.o(i.nRF24_GPIO_Init)
    i.nRF24_GetStatus_RXFIFO                 0x08000eb0   Section        0  nrf24.o(i.nRF24_GetStatus_RXFIFO)
    i.nRF24_Init                             0x08000ec0   Section        0  nrf24.o(i.nRF24_Init)
    i.nRF24_LL_RW                            0x08000f5c   Section        0  nrf24_hal.o(i.nRF24_LL_RW)
    i.nRF24_RX_ON                            0x08000f68   Section        0  nrf24.o(i.nRF24_RX_ON)
    i.nRF24_ReadMBReg                        0x08000f88   Section        0  nrf24.o(i.nRF24_ReadMBReg)
    nRF24_ReadMBReg                          0x08000f89   Thumb Code    46  nrf24.o(i.nRF24_ReadMBReg)
    i.nRF24_ReadPayload                      0x08000fbc   Section        0  nrf24.o(i.nRF24_ReadPayload)
    i.nRF24_ReadReg                          0x08000ff8   Section        0  nrf24.o(i.nRF24_ReadReg)
    i.nRF24_SetOperationalMode               0x0800101c   Section        0  nrf24.o(i.nRF24_SetOperationalMode)
    i.nRF24_SetPowerMode                     0x0800103a   Section        0  nrf24.o(i.nRF24_SetPowerMode)
    i.nRF24_SetRXPipe                        0x0800105c   Section        0  nrf24.o(i.nRF24_SetRXPipe)
    i.nRF24_WriteMBReg                       0x080010ac   Section        0  nrf24.o(i.nRF24_WriteMBReg)
    nRF24_WriteMBReg                         0x080010ad   Thumb Code    40  nrf24.o(i.nRF24_WriteMBReg)
    i.nRF24_WriteReg                         0x080010d8   Section        0  nrf24.o(i.nRF24_WriteReg)
    nRF24_WriteReg                           0x080010d9   Thumb Code    70  nrf24.o(i.nRF24_WriteReg)
    .constdata                               0x08001124   Section       13  nrf24.o(.constdata)
    nRF24_RX_PW_PIPE                         0x08001124   Data           6  nrf24.o(.constdata)
    nRF24_ADDR_REGS                          0x0800112a   Data           7  nrf24.o(.constdata)
    .constdata                               0x08001131   Section       16  system_stm32f7xx.o(.constdata)
    .data                                    0x20000000   Section        8  main.o(.data)
    .data                                    0x20000008   Section       12  stm32f7xx_hal.o(.data)
    .data                                    0x20000014   Section        4  system_stm32f7xx.o(.data)
    .bss                                     0x20000018   Section       32  main.o(.bss)
    STACK                                    0x20000038   Section     1024  startup_stm32f767xx.o(STACK)

    Global Symbols

    Symbol Name                              Value     Ov Type        Size  Object(Section)

    BuildAttributes$$THM_ISAv4$E$P$D$K$B$S$7EM$VFPv5_D16$PE$PLD8$A:L22UL41UL21$X:L11$S22US41US21$IEEE1$IW$USESV6$~STKCKD$USESV7$~SHL$OSPACE$EBA8$MICROLIB$REQ8$PRES8$EABIv2 0x00000000   Number         0  anon$$obj.o ABSOLUTE
    __ARM_use_no_argv                        0x00000000   Number         0  main.o ABSOLUTE
    __cpp_initialize__aeabi_                  - Undefined Weak Reference
    __cxa_finalize                            - Undefined Weak Reference
    __decompress                              - Undefined Weak Reference
    _clock_init                               - Undefined Weak Reference
    _microlib_exit                            - Undefined Weak Reference
    __Vectors_Size                           0x000001f8   Number         0  startup_stm32f767xx.o ABSOLUTE
    __Vectors                                0x08000000   Data           4  startup_stm32f767xx.o(RESET)
    __Vectors_End                            0x080001f8   Data           0  startup_stm32f767xx.o(RESET)
    __main                                   0x080001f9   Thumb Code     0  entry.o(.ARM.Collect$$$$00000000)
    _main_stk                                0x080001f9   Thumb Code     0  entry2.o(.ARM.Collect$$$$00000001)
    _main_scatterload                        0x080001fd   Thumb Code     0  entry5.o(.ARM.Collect$$$$00000004)
    __main_after_scatterload                 0x08000201   Thumb Code     0  entry5.o(.ARM.Collect$$$$00000004)
    _main_clock                              0x08000201   Thumb Code     0  entry7b.o(.ARM.Collect$$$$00000008)
    _main_cpp_init                           0x08000201   Thumb Code     0  entry8b.o(.ARM.Collect$$$$0000000A)
    _main_init                               0x08000201   Thumb Code     0  entry9a.o(.ARM.Collect$$$$0000000B)
    __rt_final_cpp                           0x08000209   Thumb Code     0  entry10a.o(.ARM.Collect$$$$0000000D)
    __rt_final_exit                          0x08000209   Thumb Code     0  entry11a.o(.ARM.Collect$$$$0000000F)
    Reset_Handler                            0x0800020d   Thumb Code     8  startup_stm32f767xx.o(.text)
    ADC_IRQHandler                           0x08000227   Thumb Code     0  startup_stm32f767xx.o(.text)
    CAN1_RX0_IRQHandler                      0x08000227   Thumb Code     0  startup_stm32f767xx.o(.text)
    CAN1_RX1_IRQHandler                      0x08000227   Thumb Code     0  startup_stm32f767xx.o(.text)
    CAN1_SCE_IRQHandler                      0x08000227   Thumb Code     0  startup_stm32f767xx.o(.text)
    CAN1_TX_IRQHandler                       0x08000227   Thumb Code     0  startup_stm32f767xx.o(.text)
    CAN2_RX0_IRQHandler                      0x08000227   Thumb Code     0  startup_stm32f767xx.o(.text)
    CAN2_RX1_IRQHandler                      0x08000227   Thumb Code     0  startup_stm32f767xx.o(.text)
    CAN2_SCE_IRQHandler                      0x08000227   Thumb Code     0  startup_stm32f767xx.o(.text)
    CAN2_TX_IRQHandler                       0x08000227   Thumb Code     0  startup_stm32f767xx.o(.text)
    CAN3_RX0_IRQHandler                      0x08000227   Thumb Code     0  startup_stm32f767xx.o(.text)
    CAN3_RX1_IRQHandler                      0x08000227   Thumb Code     0  startup_stm32f767xx.o(.text)
    CAN3_SCE_IRQHandler                      0x08000227   Thumb Code     0  startup_stm32f767xx.o(.text)
    CAN3_TX_IRQHandler                       0x08000227   Thumb Code     0  startup_stm32f767xx.o(.text)
    CEC_IRQHandler                           0x08000227   Thumb Code     0  startup_stm32f767xx.o(.text)
    DCMI_IRQHandler                          0x08000227   Thumb Code     0  startup_stm32f767xx.o(.text)
    DFSDM1_FLT0_IRQHandler                   0x08000227   Thumb Code     0  startup_stm32f767xx.o(.text)
    DFSDM1_FLT1_IRQHandler                   0x08000227   Thumb Code     0  startup_stm32f767xx.o(.text)
    DFSDM1_FLT2_IRQHandler                   0x08000227   Thumb Code     0  startup_stm32f767xx.o(.text)
    DFSDM1_FLT3_IRQHandler                   0x08000227   Thumb Code     0  startup_stm32f767xx.o(.text)
    DMA1_Stream0_IRQHandler                  0x08000227   Thumb Code     0  startup_stm32f767xx.o(.text)
    DMA1_Stream1_IRQHandler                  0x08000227   Thumb Code     0  startup_stm32f767xx.o(.text)
    DMA1_Stream2_IRQHandler                  0x08000227   Thumb Code     0  startup_stm32f767xx.o(.text)
    DMA1_Stream3_IRQHandler                  0x08000227   Thumb Code     0  startup_stm32f767xx.o(.text)
    DMA1_Stream4_IRQHandler                  0x08000227   Thumb Code     0  startup_stm32f767xx.o(.text)
    DMA1_Stream5_IRQHandler                  0x08000227   Thumb Code     0  startup_stm32f767xx.o(.text)
    DMA1_Stream6_IRQHandler                  0x08000227   Thumb Code     0  startup_stm32f767xx.o(.text)
    DMA1_Stream7_IRQHandler                  0x08000227   Thumb Code     0  startup_stm32f767xx.o(.text)
    DMA2D_IRQHandler                         0x08000227   Thumb Code     0  startup_stm32f767xx.o(.text)
    DMA2_Stream0_IRQHandler                  0x08000227   Thumb Code     0  startup_stm32f767xx.o(.text)
    DMA2_Stream1_IRQHandler                  0x08000227   Thumb Code     0  startup_stm32f767xx.o(.text)
    DMA2_Stream2_IRQHandler                  0x08000227   Thumb Code     0  startup_stm32f767xx.o(.text)
    DMA2_Stream3_IRQHandler                  0x08000227   Thumb Code     0  startup_stm32f767xx.o(.text)
    DMA2_Stream4_IRQHandler                  0x08000227   Thumb Code     0  startup_stm32f767xx.o(.text)
    DMA2_Stream5_IRQHandler                  0x08000227   Thumb Code     0  startup_stm32f767xx.o(.text)
    DMA2_Stream6_IRQHandler                  0x08000227   Thumb Code     0  startup_stm32f767xx.o(.text)
    DMA2_Stream7_IRQHandler                  0x08000227   Thumb Code     0  startup_stm32f767xx.o(.text)
    ETH_IRQHandler                           0x08000227   Thumb Code     0  startup_stm32f767xx.o(.text)
    ETH_WKUP_IRQHandler                      0x08000227   Thumb Code     0  startup_stm32f767xx.o(.text)
    EXTI0_IRQHandler                         0x08000227   Thumb Code     0  startup_stm32f767xx.o(.text)
    EXTI15_10_IRQHandler                     0x08000227   Thumb Code     0  startup_stm32f767xx.o(.text)
    EXTI1_IRQHandler                         0x08000227   Thumb Code     0  startup_stm32f767xx.o(.text)
    EXTI2_IRQHandler                         0x08000227   Thumb Code     0  startup_stm32f767xx.o(.text)
    EXTI3_IRQHandler                         0x08000227   Thumb Code     0  startup_stm32f767xx.o(.text)
    EXTI4_IRQHandler                         0x08000227   Thumb Code     0  startup_stm32f767xx.o(.text)
    EXTI9_5_IRQHandler                       0x08000227   Thumb Code     0  startup_stm32f767xx.o(.text)
    FLASH_IRQHandler                         0x08000227   Thumb Code     0  startup_stm32f767xx.o(.text)
    FMC_IRQHandler                           0x08000227   Thumb Code     0  startup_stm32f767xx.o(.text)
    FPU_IRQHandler                           0x08000227   Thumb Code     0  startup_stm32f767xx.o(.text)
    I2C1_ER_IRQHandler                       0x08000227   Thumb Code     0  startup_stm32f767xx.o(.text)
    I2C1_EV_IRQHandler                       0x08000227   Thumb Code     0  startup_stm32f767xx.o(.text)
    I2C2_ER_IRQHandler                       0x08000227   Thumb Code     0  startup_stm32f767xx.o(.text)
    I2C2_EV_IRQHandler                       0x08000227   Thumb Code     0  startup_stm32f767xx.o(.text)
    I2C3_ER_IRQHandler                       0x08000227   Thumb Code     0  startup_stm32f767xx.o(.text)
    I2C3_EV_IRQHandler                       0x08000227   Thumb Code     0  startup_stm32f767xx.o(.text)
    I2C4_ER_IRQHandler                       0x08000227   Thumb Code     0  startup_stm32f767xx.o(.text)
    I2C4_EV_IRQHandler                       0x08000227   Thumb Code     0  startup_stm32f767xx.o(.text)
    JPEG_IRQHandler                          0x08000227   Thumb Code     0  startup_stm32f767xx.o(.text)
    LPTIM1_IRQHandler                        0x08000227   Thumb Code     0  startup_stm32f767xx.o(.text)
    LTDC_ER_IRQHandler                       0x08000227   Thumb Code     0  startup_stm32f767xx.o(.text)
    LTDC_IRQHandler                          0x08000227   Thumb Code     0  startup_stm32f767xx.o(.text)
    MDIOS_IRQHandler                         0x08000227   Thumb Code     0  startup_stm32f767xx.o(.text)
    OTG_FS_IRQHandler                        0x08000227   Thumb Code     0  startup_stm32f767xx.o(.text)
    OTG_FS_WKUP_IRQHandler                   0x08000227   Thumb Code     0  startup_stm32f767xx.o(.text)
    OTG_HS_EP1_IN_IRQHandler                 0x08000227   Thumb Code     0  startup_stm32f767xx.o(.text)
    OTG_HS_EP1_OUT_IRQHandler                0x08000227   Thumb Code     0  startup_stm32f767xx.o(.text)
    OTG_HS_IRQHandler                        0x08000227   Thumb Code     0  startup_stm32f767xx.o(.text)
    OTG_HS_WKUP_IRQHandler                   0x08000227   Thumb Code     0  startup_stm32f767xx.o(.text)
    PVD_IRQHandler                           0x08000227   Thumb Code     0  startup_stm32f767xx.o(.text)
    QUADSPI_IRQHandler                       0x08000227   Thumb Code     0  startup_stm32f767xx.o(.text)
    RCC_IRQHandler                           0x08000227   Thumb Code     0  startup_stm32f767xx.o(.text)
    RNG_IRQHandler                           0x08000227   Thumb Code     0  startup_stm32f767xx.o(.text)
    RTC_Alarm_IRQHandler                     0x08000227   Thumb Code     0  startup_stm32f767xx.o(.text)
    RTC_WKUP_IRQHandler                      0x08000227   Thumb Code     0  startup_stm32f767xx.o(.text)
    SAI1_IRQHandler                          0x08000227   Thumb Code     0  startup_stm32f767xx.o(.text)
    SAI2_IRQHandler                          0x08000227   Thumb Code     0  startup_stm32f767xx.o(.text)
    SDMMC1_IRQHandler                        0x08000227   Thumb Code     0  startup_stm32f767xx.o(.text)
    SDMMC2_IRQHandler                        0x08000227   Thumb Code     0  startup_stm32f767xx.o(.text)
    SPDIF_RX_IRQHandler                      0x08000227   Thumb Code     0  startup_stm32f767xx.o(.text)
    SPI1_IRQHandler                          0x08000227   Thumb Code     0  startup_stm32f767xx.o(.text)
    SPI2_IRQHandler                          0x08000227   Thumb Code     0  startup_stm32f767xx.o(.text)
    SPI3_IRQHandler                          0x08000227   Thumb Code     0  startup_stm32f767xx.o(.text)
    SPI4_IRQHandler                          0x08000227   Thumb Code     0  startup_stm32f767xx.o(.text)
    SPI5_IRQHandler                          0x08000227   Thumb Code     0  startup_stm32f767xx.o(.text)
    SPI6_IRQHandler                          0x08000227   Thumb Code     0  startup_stm32f767xx.o(.text)
    TAMP_STAMP_IRQHandler                    0x08000227   Thumb Code     0  startup_stm32f767xx.o(.text)
    TIM1_BRK_TIM9_IRQHandler                 0x08000227   Thumb Code     0  startup_stm32f767xx.o(.text)
    TIM1_CC_IRQHandler                       0x08000227   Thumb Code     0  startup_stm32f767xx.o(.text)
    TIM1_TRG_COM_TIM11_IRQHandler            0x08000227   Thumb Code     0  startup_stm32f767xx.o(.text)
    TIM1_UP_TIM10_IRQHandler                 0x08000227   Thumb Code     0  startup_stm32f767xx.o(.text)
    TIM2_IRQHandler                          0x08000227   Thumb Code     0  startup_stm32f767xx.o(.text)
    TIM3_IRQHandler                          0x08000227   Thumb Code     0  startup_stm32f767xx.o(.text)
    TIM4_IRQHandler                          0x08000227   Thumb Code     0  startup_stm32f767xx.o(.text)
    TIM5_IRQHandler                          0x08000227   Thumb Code     0  startup_stm32f767xx.o(.text)
    TIM6_DAC_IRQHandler                      0x08000227   Thumb Code     0  startup_stm32f767xx.o(.text)
    TIM7_IRQHandler                          0x08000227   Thumb Code     0  startup_stm32f767xx.o(.text)
    TIM8_BRK_TIM12_IRQHandler                0x08000227   Thumb Code     0  startup_stm32f767xx.o(.text)
    TIM8_CC_IRQHandler                       0x08000227   Thumb Code     0  startup_stm32f767xx.o(.text)
    TIM8_TRG_COM_TIM14_IRQHandler            0x08000227   Thumb Code     0  startup_stm32f767xx.o(.text)
    TIM8_UP_TIM13_IRQHandler                 0x08000227   Thumb Code     0  startup_stm32f767xx.o(.text)
    UART4_IRQHandler                         0x08000227   Thumb Code     0  startup_stm32f767xx.o(.text)
    UART5_IRQHandler                         0x08000227   Thumb Code     0  startup_stm32f767xx.o(.text)
    UART7_IRQHandler                         0x08000227   Thumb Code     0  startup_stm32f767xx.o(.text)
    UART8_IRQHandler                         0x08000227   Thumb Code     0  startup_stm32f767xx.o(.text)
    USART1_IRQHandler                        0x08000227   Thumb Code     0  startup_stm32f767xx.o(.text)
    USART2_IRQHandler                        0x08000227   Thumb Code     0  startup_stm32f767xx.o(.text)
    USART3_IRQHandler                        0x08000227   Thumb Code     0  startup_stm32f767xx.o(.text)
    USART6_IRQHandler                        0x08000227   Thumb Code     0  startup_stm32f767xx.o(.text)
    WWDG_IRQHandler                          0x08000227   Thumb Code     0  startup_stm32f767xx.o(.text)
    __aeabi_uldivmod                         0x08000231   Thumb Code    98  uldiv.o(.text)
    __aeabi_memset                           0x08000293   Thumb Code    14  memseta.o(.text)
    __aeabi_memset4                          0x08000293   Thumb Code     0  memseta.o(.text)
    __aeabi_memset8                          0x08000293   Thumb Code     0  memseta.o(.text)
    __aeabi_memclr                           0x080002a1   Thumb Code     4  memseta.o(.text)
    __aeabi_memclr4                          0x080002a1   Thumb Code     0  memseta.o(.text)
    __aeabi_memclr8                          0x080002a1   Thumb Code     0  memseta.o(.text)
    _memset$wrapper                          0x080002a5   Thumb Code    18  memseta.o(.text)
    __aeabi_llsl                             0x080002b7   Thumb Code    30  llshl.o(.text)
    _ll_shift_l                              0x080002b7   Thumb Code     0  llshl.o(.text)
    __aeabi_llsr                             0x080002d5   Thumb Code    32  llushr.o(.text)
    _ll_ushift_r                             0x080002d5   Thumb Code     0  llushr.o(.text)
    __scatterload                            0x080002f5   Thumb Code    28  init.o(.text)
    __scatterload_rt2                        0x080002f5   Thumb Code     0  init.o(.text)
    BusFault_Handler                         0x08000319   Thumb Code     2  stm32f7xx_it.o(i.BusFault_Handler)
    DebugMon_Handler                         0x0800031b   Thumb Code     2  stm32f7xx_it.o(i.DebugMon_Handler)
    HAL_GetTick                              0x0800031d   Thumb Code     6  stm32f7xx_hal.o(i.HAL_GetTick)
    HAL_IncTick                              0x08000329   Thumb Code    12  stm32f7xx_hal.o(i.HAL_IncTick)
    HAL_Init                                 0x08000339   Thumb Code    22  stm32f7xx_hal.o(i.HAL_Init)
    HAL_InitTick                             0x08000351   Thumb Code    54  stm32f7xx_hal.o(i.HAL_InitTick)
    HAL_MspInit                              0x08000391   Thumb Code    42  stm32f7xx_hal_msp.o(i.HAL_MspInit)
    HAL_NVIC_SetPriority                     0x080003c1   Thumb Code    60  stm32f7xx_hal_cortex.o(i.HAL_NVIC_SetPriority)
    HAL_NVIC_SetPriorityGrouping             0x08000401   Thumb Code    28  stm32f7xx_hal_cortex.o(i.HAL_NVIC_SetPriorityGrouping)
    HAL_PWREx_EnableOverDrive                0x08000425   Thumb Code   100  stm32f7xx_hal_pwr_ex.o(i.HAL_PWREx_EnableOverDrive)
    HAL_PWR_EnableBkUpAccess                 0x08000491   Thumb Code    12  stm32f7xx_hal_pwr.o(i.HAL_PWR_EnableBkUpAccess)
    HAL_RCC_ClockConfig                      0x080004a1   Thumb Code   282  stm32f7xx_hal_rcc.o(i.HAL_RCC_ClockConfig)
    HAL_RCC_GetSysClockFreq                  0x080005cd   Thumb Code    88  stm32f7xx_hal_rcc.o(i.HAL_RCC_GetSysClockFreq)
    HAL_RCC_OscConfig                        0x0800062d   Thumb Code   814  stm32f7xx_hal_rcc.o(i.HAL_RCC_OscConfig)
    HAL_SYSTICK_Config                       0x08000969   Thumb Code    38  stm32f7xx_hal_cortex.o(i.HAL_SYSTICK_Config)
    HardFault_Handler                        0x0800098f   Thumb Code     2  stm32f7xx_it.o(i.HardFault_Handler)
    LL_GPIO_Init                             0x080009a9   Thumb Code   310  stm32f7xx_ll_gpio.o(i.LL_GPIO_Init)
    LL_SPI_Init                              0x08000adf   Thumb Code   102  stm32f7xx_ll_spi.o(i.LL_SPI_Init)
    MemManage_Handler                        0x08000c85   Thumb Code     2  stm32f7xx_it.o(i.MemManage_Handler)
    NMI_Handler                              0x08000c87   Thumb Code     2  stm32f7xx_it.o(i.NMI_Handler)
    PendSV_Handler                           0x08000cab   Thumb Code     2  stm32f7xx_it.o(i.PendSV_Handler)
    SPI_Write                                0x08000cad   Thumb Code    38  sysmic_ll_spi.o(i.SPI_Write)
    SVC_Handler                              0x08000cd3   Thumb Code     2  stm32f7xx_it.o(i.SVC_Handler)
    SysTick_Handler                          0x08000cd5   Thumb Code     4  stm32f7xx_it.o(i.SysTick_Handler)
    SystemClock_Config                       0x08000cd9   Thumb Code   132  main.o(i.SystemClock_Config)
    SystemInit                               0x08000d65   Thumb Code    68  system_stm32f7xx.o(i.SystemInit)
    UsageFault_Handler                       0x08000db9   Thumb Code     2  stm32f7xx_it.o(i.UsageFault_Handler)
    __scatterload_copy                       0x08000dbb   Thumb Code    14  handlers.o(i.__scatterload_copy)
    __scatterload_null                       0x08000dc9   Thumb Code     2  handlers.o(i.__scatterload_null)
    __scatterload_zeroinit                   0x08000dcb   Thumb Code    14  handlers.o(i.__scatterload_zeroinit)
    main                                     0x08000dd9   Thumb Code    78  main.o(i.main)
    nRF24_Check                              0x08000e35   Thumb Code    54  nrf24.o(i.nRF24_Check)
    nRF24_ClearIRQFlags                      0x08000e75   Thumb Code    22  nrf24.o(i.nRF24_ClearIRQFlags)
    nRF24_FlushRX                            0x08000e8b   Thumb Code     8  nrf24.o(i.nRF24_FlushRX)
    nRF24_FlushTX                            0x08000e93   Thumb Code     8  nrf24.o(i.nRF24_FlushTX)
    nRF24_GPIO_Init                          0x08000e9d   Thumb Code    14  nrf24_hal.o(i.nRF24_GPIO_Init)
    nRF24_GetStatus_RXFIFO                   0x08000eb1   Thumb Code    14  nrf24.o(i.nRF24_GetStatus_RXFIFO)
    nRF24_Init                               0x08000ec1   Thumb Code   152  nrf24.o(i.nRF24_Init)
    nRF24_LL_RW                              0x08000f5d   Thumb Code     8  nrf24_hal.o(i.nRF24_LL_RW)
    nRF24_RX_ON                              0x08000f69   Thumb Code    26  nrf24.o(i.nRF24_RX_ON)
    nRF24_ReadPayload                        0x08000fbd   Thumb Code    54  nrf24.o(i.nRF24_ReadPayload)
    nRF24_ReadReg                            0x08000ff9   Thumb Code    30  nrf24.o(i.nRF24_ReadReg)
    nRF24_SetOperationalMode                 0x0800101d   Thumb Code    30  nrf24.o(i.nRF24_SetOperationalMode)
    nRF24_SetPowerMode                       0x0800103b   Thumb Code    34  nrf24.o(i.nRF24_SetPowerMode)
    nRF24_SetRXPipe                          0x0800105d   Thumb Code    74  nrf24.o(i.nRF24_SetRXPipe)
    AHBPrescTable                            0x08001131   Data          16  system_stm32f7xx.o(.constdata)
    Region$$Table$$Base                      0x08001144   Number         0  anon$$obj.o(Region$$Table)
    Region$$Table$$Limit                     0x08001164   Number         0  anon$$obj.o(Region$$Table)
    len                                      0x20000000   Data           1  main.o(.data)
    data                                     0x20000001   Data           1  main.o(.data)
    checkSPI                                 0x20000004   Data           4  main.o(.data)
    uwTickFreq                               0x20000008   Data           1  stm32f7xx_hal.o(.data)
    uwTickPrio                               0x2000000c   Data           4  stm32f7xx_hal.o(.data)
    uwTick                                   0x20000010   Data           4  stm32f7xx_hal.o(.data)
    SystemCoreClock                          0x20000014   Data           4  system_stm32f7xx.o(.data)
    dataRX                                   0x20000018   Data          32  main.o(.bss)
    __initial_sp                             0x20000438   Data           0  startup_stm32f767xx.o(STACK)



==============================================================================

Memory Map of the image

  Image Entry point : 0x080001f9

  Load Region LR_IROM1 (Base: 0x08000000, Size: 0x0000117c, Max: 0x00200000, ABSOLUTE)

    Execution Region ER_IROM1 (Exec base: 0x08000000, Load base: 0x08000000, Size: 0x00001164, Max: 0x00200000, ABSOLUTE)

    Exec Addr    Load Addr    Size         Type   Attr      Idx    E Section Name        Object

    0x08000000   0x08000000   0x000001f8   Data   RO            3    RESET               startup_stm32f767xx.o
    0x080001f8   0x080001f8   0x00000000   Code   RO         2789  * .ARM.Collect$$$$00000000  mc_w.l(entry.o)
    0x080001f8   0x080001f8   0x00000004   Code   RO         2796    .ARM.Collect$$$$00000001  mc_w.l(entry2.o)
    0x080001fc   0x080001fc   0x00000004   Code   RO         2799    .ARM.Collect$$$$00000004  mc_w.l(entry5.o)
    0x08000200   0x08000200   0x00000000   Code   RO         2801    .ARM.Collect$$$$00000008  mc_w.l(entry7b.o)
    0x08000200   0x08000200   0x00000000   Code   RO         2803    .ARM.Collect$$$$0000000A  mc_w.l(entry8b.o)
    0x08000200   0x08000200   0x00000008   Code   RO         2804    .ARM.Collect$$$$0000000B  mc_w.l(entry9a.o)
    0x08000208   0x08000208   0x00000000   Code   RO         2806    .ARM.Collect$$$$0000000D  mc_w.l(entry10a.o)
    0x08000208   0x08000208   0x00000000   Code   RO         2808    .ARM.Collect$$$$0000000F  mc_w.l(entry11a.o)
    0x08000208   0x08000208   0x00000004   Code   RO         2797    .ARM.Collect$$$$00002712  mc_w.l(entry2.o)
    0x0800020c   0x0800020c   0x00000024   Code   RO            4    .text               startup_stm32f767xx.o
    0x08000230   0x08000230   0x00000062   Code   RO         2792    .text               mc_w.l(uldiv.o)
    0x08000292   0x08000292   0x00000024   Code   RO         2794    .text               mc_w.l(memseta.o)
    0x080002b6   0x080002b6   0x0000001e   Code   RO         2810    .text               mc_w.l(llshl.o)
    0x080002d4   0x080002d4   0x00000020   Code   RO         2812    .text               mc_w.l(llushr.o)
    0x080002f4   0x080002f4   0x00000024   Code   RO         2814    .text               mc_w.l(init.o)
    0x08000318   0x08000318   0x00000002   Code   RO          492    i.BusFault_Handler  stm32f7xx_it.o
    0x0800031a   0x0800031a   0x00000002   Code   RO          493    i.DebugMon_Handler  stm32f7xx_it.o
    0x0800031c   0x0800031c   0x0000000c   Code   RO         1732    i.HAL_GetTick       stm32f7xx_hal.o
    0x08000328   0x08000328   0x00000010   Code   RO         1738    i.HAL_IncTick       stm32f7xx_hal.o
    0x08000338   0x08000338   0x00000016   Code   RO         1739    i.HAL_Init          stm32f7xx_hal.o
    0x0800034e   0x0800034e   0x00000002   PAD
    0x08000350   0x08000350   0x00000040   Code   RO         1740    i.HAL_InitTick      stm32f7xx_hal.o
    0x08000390   0x08000390   0x00000030   Code   RO          573    i.HAL_MspInit       stm32f7xx_hal_msp.o
    0x080003c0   0x080003c0   0x00000040   Code   RO         1591    i.HAL_NVIC_SetPriority  stm32f7xx_hal_cortex.o
    0x08000400   0x08000400   0x00000024   Code   RO         1592    i.HAL_NVIC_SetPriorityGrouping  stm32f7xx_hal_cortex.o
    0x08000424   0x08000424   0x0000006c   Code   RO         1494    i.HAL_PWREx_EnableOverDrive  stm32f7xx_hal_pwr_ex.o
    0x08000490   0x08000490   0x00000010   Code   RO         1371    i.HAL_PWR_EnableBkUpAccess  stm32f7xx_hal_pwr.o
    0x080004a0   0x080004a0   0x0000012c   Code   RO          808    i.HAL_RCC_ClockConfig  stm32f7xx_hal_rcc.o
    0x080005cc   0x080005cc   0x00000060   Code   RO          817    i.HAL_RCC_GetSysClockFreq  stm32f7xx_hal_rcc.o
    0x0800062c   0x0800062c   0x0000033c   Code   RO          820    i.HAL_RCC_OscConfig  stm32f7xx_hal_rcc.o
    0x08000968   0x08000968   0x00000026   Code   RO         1596    i.HAL_SYSTICK_Config  stm32f7xx_hal_cortex.o
    0x0800098e   0x0800098e   0x00000002   Code   RO          494    i.HardFault_Handler  stm32f7xx_it.o
    0x08000990   0x08000990   0x00000018   Code   RO          398    i.LL_AHB1_GRP1_EnableClock  main.o
    0x080009a8   0x080009a8   0x00000136   Code   RO          600    i.LL_GPIO_Init      stm32f7xx_ll_gpio.o
    0x08000ade   0x08000ade   0x00000066   Code   RO          656    i.LL_SPI_Init       stm32f7xx_ll_spi.o
    0x08000b44   0x08000b44   0x0000006c   Code   RO          399    i.MX_GPIO_Init      main.o
    0x08000bb0   0x08000bb0   0x000000d4   Code   RO          400    i.MX_SPI1_Init      main.o
    0x08000c84   0x08000c84   0x00000002   Code   RO          495    i.MemManage_Handler  stm32f7xx_it.o
    0x08000c86   0x08000c86   0x00000002   Code   RO          496    i.NMI_Handler       stm32f7xx_it.o
    0x08000c88   0x08000c88   0x00000022   Code   RO         1598    i.NVIC_SetPriority  stm32f7xx_hal_cortex.o
    0x08000caa   0x08000caa   0x00000002   Code   RO          497    i.PendSV_Handler    stm32f7xx_it.o
    0x08000cac   0x08000cac   0x00000026   Code   RO          359    i.SPI_Write         sysmic_ll_spi.o
    0x08000cd2   0x08000cd2   0x00000002   Code   RO          498    i.SVC_Handler       stm32f7xx_it.o
    0x08000cd4   0x08000cd4   0x00000004   Code   RO          499    i.SysTick_Handler   stm32f7xx_it.o
    0x08000cd8   0x08000cd8   0x0000008c   Code   RO          401    i.SystemClock_Config  main.o
    0x08000d64   0x08000d64   0x00000054   Code   RO         2755    i.SystemInit        system_stm32f7xx.o
    0x08000db8   0x08000db8   0x00000002   Code   RO          500    i.UsageFault_Handler  stm32f7xx_it.o
    0x08000dba   0x08000dba   0x0000000e   Code   RO         2818    i.__scatterload_copy  mc_w.l(handlers.o)
    0x08000dc8   0x08000dc8   0x00000002   Code   RO         2819    i.__scatterload_null  mc_w.l(handlers.o)
    0x08000dca   0x08000dca   0x0000000e   Code   RO         2820    i.__scatterload_zeroinit  mc_w.l(handlers.o)
    0x08000dd8   0x08000dd8   0x0000005c   Code   RO          402    i.main              main.o
    0x08000e34   0x08000e34   0x00000040   Code   RO           13    i.nRF24_Check       nrf24.o
    0x08000e74   0x08000e74   0x00000016   Code   RO           14    i.nRF24_ClearIRQFlags  nrf24.o
    0x08000e8a   0x08000e8a   0x00000008   Code   RO           18    i.nRF24_FlushRX     nrf24.o
    0x08000e92   0x08000e92   0x00000008   Code   RO           19    i.nRF24_FlushTX     nrf24.o
    0x08000e9a   0x08000e9a   0x00000002   PAD
    0x08000e9c   0x08000e9c   0x00000014   Code   RO          328    i.nRF24_GPIO_Init   nrf24_hal.o
    0x08000eb0   0x08000eb0   0x0000000e   Code   RO           24    i.nRF24_GetStatus_RXFIFO  nrf24.o
    0x08000ebe   0x08000ebe   0x00000002   PAD
    0x08000ec0   0x08000ec0   0x0000009c   Code   RO           26    i.nRF24_Init        nrf24.o
    0x08000f5c   0x08000f5c   0x0000000c   Code   RO          329    i.nRF24_LL_RW       nrf24_hal.o
    0x08000f68   0x08000f68   0x00000020   Code   RO           27    i.nRF24_RX_ON       nrf24.o
    0x08000f88   0x08000f88   0x00000034   Code   RO           28    i.nRF24_ReadMBReg   nrf24.o
    0x08000fbc   0x08000fbc   0x0000003c   Code   RO           29    i.nRF24_ReadPayload  nrf24.o
    0x08000ff8   0x08000ff8   0x00000024   Code   RO           30    i.nRF24_ReadReg     nrf24.o
    0x0800101c   0x0800101c   0x0000001e   Code   RO           38    i.nRF24_SetOperationalMode  nrf24.o
    0x0800103a   0x0800103a   0x00000022   Code   RO           39    i.nRF24_SetPowerMode  nrf24.o
    0x0800105c   0x0800105c   0x00000050   Code   RO           41    i.nRF24_SetRXPipe   nrf24.o
    0x080010ac   0x080010ac   0x0000002c   Code   RO           44    i.nRF24_WriteMBReg  nrf24.o
    0x080010d8   0x080010d8   0x0000004c   Code   RO           46    i.nRF24_WriteReg    nrf24.o
    0x08001124   0x08001124   0x0000000d   Data   RO           47    .constdata          nrf24.o
    0x08001131   0x08001131   0x00000010   Data   RO         2756    .constdata          system_stm32f7xx.o
    0x08001141   0x08001141   0x00000003   PAD
    0x08001144   0x08001144   0x00000020   Data   RO         2816    Region$$Table       anon$$obj.o


    Execution Region RW_IRAM1 (Exec base: 0x20000000, Load base: 0x08001164, Size: 0x00000438, Max: 0x00080000, ABSOLUTE)

    Exec Addr    Load Addr    Size         Type   Attr      Idx    E Section Name        Object

    0x20000000   0x08001164   0x00000008   Data   RW          404    .data               main.o
    0x20000008   0x0800116c   0x0000000c   Data   RW         1746    .data               stm32f7xx_hal.o
    0x20000014   0x08001178   0x00000004   Data   RW         2758    .data               system_stm32f7xx.o
    0x20000018        -       0x00000020   Zero   RW          403    .bss                main.o
    0x20000038        -       0x00000400   Zero   RW            1    STACK               startup_stm32f767xx.o


==============================================================================

Image component sizes


      Code (inc. data)   RO Data    RW Data    ZI Data      Debug   Object Name

       576         48          0          8         32      30604   main.o
       716         54         13          0          0     803469   nrf24.o
        32         10          0          0          0       1100   nrf24_hal.o
        36          8        504          0       1024        840   startup_stm32f767xx.o
       114         20          0         12          0       3357   stm32f7xx_hal.o
       172         12          0          0          0      34830   stm32f7xx_hal_cortex.o
        48          6          0          0          0        826   stm32f7xx_hal_msp.o
        16          4          0          0          0        551   stm32f7xx_hal_pwr.o
       108          8          0          0          0       1272   stm32f7xx_hal_pwr_ex.o
      1224         40          0          0          0       3926   stm32f7xx_hal_rcc.o
        20          0          0          0          0       4118   stm32f7xx_it.o
       310          0          0          0          0       7255   stm32f7xx_ll_gpio.o
       102          0          0          0          0      17182   stm32f7xx_ll_spi.o
        38          0          0          0          0      13288   sysmic_ll_spi.o
        84         16         16          4          0       1235   system_stm32f7xx.o

    ----------------------------------------------------------------------
      3602        226        568         24       1056     923853   Object Totals
         0          0         32          0          0          0   (incl. Generated)
         6          0          3          0          0          0   (incl. Padding)

    ----------------------------------------------------------------------

      Code (inc. data)   RO Data    RW Data    ZI Data      Debug   Library Member Name

         0          0          0          0          0          0   entry.o
         0          0          0          0          0          0   entry10a.o
         0          0          0          0          0          0   entry11a.o
         8          4          0          0          0          0   entry2.o
         4          0          0          0          0          0   entry5.o
         0          0          0          0          0          0   entry7b.o
         0          0          0          0          0          0   entry8b.o
         8          4          0          0          0          0   entry9a.o
        30          0          0          0          0          0   handlers.o
        36          8          0          0          0         68   init.o
        30          0          0          0          0         68   llshl.o
        32          0          0          0          0         68   llushr.o
        36          0          0          0          0        108   memseta.o
        98          0          0          0          0         92   uldiv.o

    ----------------------------------------------------------------------
       282         16          0          0          0        404   Library Totals
         0          0          0          0          0          0   (incl. Padding)

    ----------------------------------------------------------------------

      Code (inc. data)   RO Data    RW Data    ZI Data      Debug   Library Name

       282         16          0          0          0        404   mc_w.l

    ----------------------------------------------------------------------
       282         16          0          0          0        404   Library Totals

    ----------------------------------------------------------------------

==============================================================================


      Code (inc. data)   RO Data    RW Data    ZI Data      Debug   

      3884        242        568         24       1056     920157   Grand Totals
      3884        242        568         24       1056     920157   ELF Image Totals
      3884        242        568         24          0          0   ROM Totals

==============================================================================

    Total RO  Size (Code + RO Data)                 4452 (   4.35kB)
    Total RW  Size (RW Data + ZI Data)              1080 (   1.05kB)
    Total ROM Size (Code + RO Data + RW Data)       4476 (   4.37kB)

==============================================================================

